Microchip MPLAB XC8 Compiler V2.31

Linker command line:

-W-3 --edf=C:\Program Files\Microchip\xc8\v2.31\pic\dat\en_msgs.txt -cn \
  -h+dist/default/production\avrisp.X.production.sym \
  --cmf=dist/default/production\avrisp.X.production.cmf -z -Q16F1938 \
  -oC:\Users\Andrej\AppData\Local\Temp\s2gg.2 --defsym=__MPLAB_BUILD=1 \
  -Mdist/default/production/avrisp.X.production.map -E1 -ver=XC8 Compiler \
  --acfsm=1493 -ASTACK=0203Eh-021EFh -pstack=STACK -ACODE=00h-07FFhx8 \
  -ASTRCODE=00h-03FFFh -ASTRING=00h-0FFhx64 -ACONST=00h-0FFhx64 \
  -AENTRY=00h-0FFhx64 -ACOMMON=070h-07Fh -ABANK0=020h-06Fh \
  -ABANK1=0A0h-0EFh -ABANK2=0120h-016Fh -ABANK3=01A0h-01EFh \
  -ABANK4=0220h-026Fh -ABANK5=02A0h-02EFh -ABANK6=0320h-036Fh \
  -ABANK7=03A0h-03EFh -ABANK8=0420h-046Fh -ABANK9=04A0h-04EFh \
  -ABANK10=0520h-056Fh -ABANK11=05A0h-05EFh -ABANK12=0620h-064Fh \
  -ABIGRAM=02000h-023EFh \
  -ARAM=020h-06Fh,0A0h-0EFh,0120h-016Fh,01A0h-01EFh,0220h-026Fh,02A0h-02EFh,0320h-036Fh,03A0h-03EFh,0420h-046Fh,04A0h-04EFh,0520h-056Fh,05A0h-05EFh,0620h-064Fh \
  -AABS1=020h-07Fh,0A0h-0EFh,0120h-016Fh,01A0h-01EFh,0220h-026Fh,02A0h-02EFh,0320h-036Fh,03A0h-03EFh,0420h-046Fh,04A0h-04EFh,0520h-056Fh,05A0h-05EFh,0620h-064Fh \
  -ASFR0=00h-01Fh -ASFR1=080h-09Fh -ASFR2=0100h-011Fh -ASFR3=0180h-019Fh \
  -ASFR4=0200h-021Fh -ASFR5=0280h-029Fh -ASFR6=0300h-031Fh \
  -ASFR7=0380h-039Fh -ASFR8=0400h-041Fh -ASFR9=0480h-049Fh \
  -ASFR10=0500h-051Fh -ASFR11=0580h-059Fh -ASFR12=0600h-061Fh \
  -ASFR13=0680h-06EFh -ASFR14=0700h-076Fh -ASFR15=0780h-07EFh \
  -ASFR16=0800h-086Fh -ASFR17=0880h-08EFh -ASFR18=0900h-096Fh \
  -ASFR19=0980h-09EFh -ASFR20=0A00h-0A6Fh -ASFR21=0A80h-0AEFh \
  -ASFR22=0B00h-0B6Fh -ASFR23=0B80h-0BEFh -ASFR24=0C00h-0C6Fh \
  -ASFR25=0C80h-0CEFh -ASFR26=0D00h-0D6Fh -ASFR27=0D80h-0DEFh \
  -ASFR28=0E00h-0E6Fh -ASFR29=0E80h-0EEFh -ASFR30=0F00h-0F6Fh \
  -ASFR31=0F80h-0FEFh -ACONFIG=08007h-08008h -DCONFIG=2 \
  -AIDLOC=08000h-08003h -DIDLOC=2 -AEEDATA=00h-0FFh/0F000h \
  -peeprom_data=EEDATA -DEEDATA=2 -DCODE=2 -DSTRCODE=2 -DSTRING=2 -DCONST=2 \
  -DENTRY=2 -preset_vec=00h,intentry=04h,init,end_init -ppowerup=CODE \
  -pcinit=CODE -pfunctab=ENTRY -k C:\Users\Andrej\AppData\Local\Temp\s2gg.o \
  dist/default/production\avrisp.X.production.o 

Object code version is 3.11

Machine type is 16F1938



                Name                               Link     Load   Length Selector   Space Scale
C:\Users\Andrej\AppData\Local\Temp\s2gg.o
                end_init                             1F       1F        2        8       0
                reset_vec                             0        0        2        0       0
                config                             8007     8007        2        0       4
                idloc                              8000     8000        4        0       5
dist/default/production\avrisp.X.production.o
                cinit                                21       21       1C        8       0
                intentry                              4        4       1B        8       0
                config                             8007     8007        2        0       4
                idloc                              8000     8000        4        0       5
                text35                              F91      F91        B     1F22       0
                text34                              7E6      7E6       19        8       0
                text33                              F88      F88        9     1F10       0
                text32                              7CB      7CB       1B        8       0
                text31                              774      774       1F        8       0
                text30                              F7F      F7F        4     1EFE       0
                text29                              FA8      FA8        D     1F50       0
                text28                              754      754       20        8       0
                text27                              69D      69D       32        8       0
                text26                              6FE      6FE       2C        8       0
                text25                              FB5      FB5        F     1F6A       0
                text24                              427      427       4E        8       0
                text23                              FD3      FD3       15     1FA6       0
                text22                              475      475       4C        8       0
                text21                              4C1      4C1       43        8       0
                text20                              5FC      5FC       39        8       0
                text19                              583      583       3D        8       0
                text18                              7B0      7B0       1B        8       0
                text17                              238      238       7B        8       0
                text16                              72A      72A       2A        8       0
                text15                              37A      37A       5E        8       0
                text14                              5C0      5C0       3C        8       0
                text13                              FE8      FE8       18     1FD0       0
                text12                              544      544       3F        8       0
                text11                              319      319       61        8       0
                text10                              3D8      3D8       4F        8       0
                text9                                3D       3D      108        8       0
                text8                               F83      F83        5     1F06       0
                text7                               504      504       40        8       0
                text6                               793      793       1D        8       0
                text5                               669      669       34        8       0
                text4                               145      145       F3        8       0
                text3                               2B3      2B3       66        8       0
                text2                               FC4      FC4        F     1F88       0
                text1                               635      635       34        8       0
                maintext                            6CF      6CF       2F        8       0
                cstackBANK0                          20       20       24       20       1
                cstackCOMMON                         70       70        A       70       1
                clrtext                             F9C      F9C        C     1F38       0
                bssBANK0                             44       44       1A       20       1
                bssCOMMON                            7A       7A        2       70       1
                stringtext1                        1000     1000        8     2000       0

TOTAL           Name                               Link     Load   Length     Space
        CLASS   STACK          

        CLASS   CODE           
                end_init                             1F       1F        2         0
                cinit                                21       21       1C         0
                intentry                              4        4       1B         0
                reset_vec                             0        0        2         0
                text35                              F91      F91        B         0
                text34                              7E6      7E6       19         0
                text33                              F88      F88        9         0
                text32                              7CB      7CB       1B         0
                text31                              774      774       1F         0
                text30                              F7F      F7F        4         0
                text29                              FA8      FA8        D         0
                text28                              754      754       20         0
                text27                              69D      69D       32         0
                text26                              6FE      6FE       2C         0
                text25                              FB5      FB5        F         0
                text24                              427      427       4E         0
                text23                              FD3      FD3       15         0
                text22                              475      475       4C         0
                text21                              4C1      4C1       43         0
                text20                              5FC      5FC       39         0
                text19                              583      583       3D         0
                text18                              7B0      7B0       1B         0
                text17                              238      238       7B         0
                text16                              72A      72A       2A         0
                text15                              37A      37A       5E         0
                text14                              5C0      5C0       3C         0
                text13                              FE8      FE8       18         0
                text12                              544      544       3F         0
                text11                              319      319       61         0
                text10                              3D8      3D8       4F         0
                text9                                3D       3D      108         0
                text8                               F83      F83        5         0
                text7                               504      504       40         0
                text6                               793      793       1D         0
                text5                               669      669       34         0
                text4                               145      145       F3         0
                text3                               2B3      2B3       66         0
                text2                               FC4      FC4        F         0
                text1                               635      635       34         0
                maintext                            6CF      6CF       2F         0
                clrtext                             F9C      F9C        C         0

        CLASS   STRCODE        
                stringtext1                        1000     1000        8         0

        CLASS   STRING         

        CLASS   CONST          

        CLASS   ENTRY          

        CLASS   COMMON         
                cstackCOMMON                         70       70        A         1
                bssCOMMON                            7A       7A        2         1

        CLASS   BANK0          
                cstackBANK0                          20       20       24         1
                bssBANK0                             44       44       1A         1

        CLASS   BANK1          

        CLASS   BANK2          

        CLASS   BANK3          

        CLASS   BANK4          

        CLASS   BANK5          

        CLASS   BANK6          

        CLASS   BANK7          

        CLASS   BANK8          

        CLASS   BANK9          

        CLASS   BANK10         

        CLASS   BANK11         

        CLASS   BANK12         

        CLASS   BIGRAM         

        CLASS   RAM            

        CLASS   ABS1           
                abs_s1                               7E       7E        2         1
                abs_s1                              330      330       40         1
                abs_s1                              3A0      3A0       50         1
                abs_s1                              420      420       50         1
                abs_s1                              4A0      4A0       50         1
                abs_s1                              520      520       50         1
                abs_s1                              5A0      5A0       50         1
                abs_s1                              620      620       30         1
                abs_s1                             21F0     21F0        0         1
                abs_s1                             22F0     22F0        0         1

        CLASS   SFR0           

        CLASS   SFR1           

        CLASS   SFR2           

        CLASS   SFR3           

        CLASS   SFR4           

        CLASS   SFR5           

        CLASS   SFR6           

        CLASS   SFR7           

        CLASS   SFR8           

        CLASS   SFR9           

        CLASS   SFR10          

        CLASS   SFR11          

        CLASS   SFR12          

        CLASS   SFR13          

        CLASS   SFR14          

        CLASS   SFR15          

        CLASS   SFR16          

        CLASS   SFR17          

        CLASS   SFR18          

        CLASS   SFR19          

        CLASS   SFR20          

        CLASS   SFR21          

        CLASS   SFR22          

        CLASS   SFR23          

        CLASS   SFR24          

        CLASS   SFR25          

        CLASS   SFR26          

        CLASS   SFR27          

        CLASS   SFR28          

        CLASS   SFR29          

        CLASS   SFR30          

        CLASS   SFR31          

        CLASS   CONFIG         
                config                             8007     8007        2         4

        CLASS   IDLOC          
                idloc                              8000     8000        4         5

        CLASS   EEDATA         

        CLASS   BANK31         

        CLASS   BANK30         

        CLASS   BANK29         

        CLASS   BANK28         

        CLASS   BANK27         

        CLASS   BANK26         

        CLASS   BANK25         

        CLASS   BANK24         

        CLASS   BANK23         

        CLASS   BANK22         

        CLASS   BANK21         

        CLASS   BANK20         

        CLASS   BANK19         

        CLASS   BANK18         

        CLASS   BANK17         

        CLASS   BANK16         

        CLASS   BANK15         

        CLASS   BANK14         

        CLASS   BANK13         



SEGMENTS        Name                           Load    Length   Top    Selector   Space  Class     Delta

                reset_vec                      000000  000002  000002         0       0  CODE        2
                intentry                       000004  0007FB  0007FF         8       0  CODE        2
                cstackBANK0                    000020  00003E  00005E        20       1  BANK0       1
                cstackCOMMON                   000070  00000C  00007C        70       1  COMMON      1
                text30                         000F7F  000004  000F83      1EFE       0  CODE        2
                text8                          000F83  000005  000F88      1F06       0  CODE        2
                text33                         000F88  000009  000F91      1F10       0  CODE        2
                text35                         000F91  00000B  000F9C      1F22       0  CODE        2
                clrtext                        000F9C  00000C  000FA8      1F38       0  CODE        2
                text29                         000FA8  00000D  000FB5      1F50       0  CODE        2
                text25                         000FB5  00000F  000FC4      1F6A       0  CODE        2
                text2                          000FC4  00000F  000FD3      1F88       0  CODE        2
                text23                         000FD3  000015  000FE8      1FA6       0  CODE        2
                text13                         000FE8  000018  001000      1FD0       0  CODE        2
                stringtext1                    001000  000008  001008      2000       0  STRCODE     2


UNUSED ADDRESS RANGES

        Name                Unused          Largest block    Delta
        BANK0            0005E-0006F              12           1
        BANK1            000A0-000EF              50           1
        BANK2            00120-0016F              50           1
        BANK3            001A0-001EF              50           1
        BANK4            00220-0026F              50           1
        BANK5            002A0-002EF              50           1
        BANK6            00320-0032F              10           1
        BIGRAM           02000-023EF             3F0           1
        CODE             00002-00003               2           2
                         007FF-00F7E               1
                         01008-03FFF             800
        COMMON           0007C-0007D               2           1
        CONST            00002-00003               2           2
                         007FF-00F7E             100
                         01008-03FFF             100
        EEDATA           0F000-0F0FF             100           2
        ENTRY            00002-00003               2           2
                         007FF-00F7E             100
                         01008-03FFF             100
        RAM              0005E-0006F              12           1
                         000A0-000EF              50
                         00120-0016F              50
                         001A0-001EF              50
                         00220-0026F              50
                         002A0-002EF              50
                         00320-0032F              10
        SFR0             00000-0001F              20           1
        SFR1             00080-0009F              20           1
        SFR10            00500-0051F              20           1
        SFR11            00580-0059F              20           1
        SFR12            00600-0061F              20           1
        SFR13            00680-006EF              70           1
        SFR14            00700-0076F              70           1
        SFR15            00780-007EF              70           1
        SFR16            00800-0086F              70           1
        SFR17            00880-008EF              70           1
        SFR18            00900-0096F              70           1
        SFR19            00980-009EF              70           1
        SFR2             00100-0011F              20           1
        SFR20            00A00-00A6F              70           1
        SFR21            00A80-00AEF              70           1
        SFR22            00B00-00B6F              70           1
        SFR23            00B80-00BEF              70           1
        SFR24            00C00-00C6F              70           1
        SFR25            00C80-00CEF              70           1
        SFR26            00D00-00D6F              70           1
        SFR27            00D80-00DEF              70           1
        SFR28            00E00-00E6F              70           1
        SFR29            00E80-00EEF              70           1
        SFR3             00180-0019F              20           1
        SFR30            00F00-00F6F              70           1
        SFR31            00F80-00FEF              70           1
        SFR4             00200-0021F              20           1
        SFR5             00280-0029F              20           1
        SFR6             00300-0031F              20           1
        SFR7             00380-0039F              20           1
        SFR8             00400-0041F              20           1
        SFR9             00480-0049F              20           1
        STACK            0203E-021EF             1B2           1
        STRCODE          00002-00003               2           2
                         007FF-00F7E             780
                         01008-03FFF            2FF8
        STRING           00002-00003               2           2
                         007FF-00F7E             100
                         01008-03FFF             100

                                  Symbol Table

?_current_page               cstackCOMMON 00072
SPI_transfer@dat             cstackCOMMON 00074
SPI_transfer@i               cstackCOMMON 00076
SPI_transfer@rslt            cstackCOMMON 00075
_INTCON                      (abs)        0000B
_ISR                         intentry     00004
_PORTA                       (abs)        0000C
_PORTC                       (abs)        0000E
_RCIE                        (abs)        0048D
_RCIF                        (abs)        0008D
_RCREG                       (abs)        00199
_RCSTA                       (abs)        0019D
_SPBRG                       (abs)        0019B
_SPI_transfer                text24       00427
_SSPCON1                     (abs)        00215
_Serial_available            text35       00F91
_TRISA                       (abs)        0008C
_TRISC                       (abs)        0008E
_TRISC3                      (abs)        00473
_TRISC4                      (abs)        00474
_TRISC5                      (abs)        00475
_TRMT                        (abs)        00CF1
_TXREG                       (abs)        0019A
_TXSTA                       (abs)        0019E
__Habs1                      abs1         00000
__Hbank0                     bank0        00000
__Hbank1                     bank1        00000
__Hbank10                    bank10       00000
__Hbank11                    bank11       00000
__Hbank12                    bank12       00000
__Hbank13                    bank13       00000
__Hbank14                    bank14       00000
__Hbank15                    bank15       00000
__Hbank16                    bank16       00000
__Hbank17                    bank17       00000
__Hbank18                    bank18       00000
__Hbank19                    bank19       00000
__Hbank2                     bank2        00000
__Hbank20                    bank20       00000
__Hbank21                    bank21       00000
__Hbank22                    bank22       00000
__Hbank23                    bank23       00000
__Hbank24                    bank24       00000
__Hbank25                    bank25       00000
__Hbank26                    bank26       00000
__Hbank27                    bank27       00000
__Hbank28                    bank28       00000
__Hbank29                    bank29       00000
__Hbank3                     bank3        00000
__Hbank30                    bank30       00000
__Hbank31                    bank31       00000
__Hbank4                     bank4        00000
__Hbank5                     bank5        00000
__Hbank6                     bank6        00000
__Hbank7                     bank7        00000
__Hbank8                     bank8        00000
__Hbank9                     bank9        00000
__Hbigram                    bigram       00000
__HbssBANK0                  bssBANK0     00000
__HbssCOMMON                 bssCOMMON    00000
__Hcinit                     cinit        0003D
__Hclrtext                   clrtext      00000
__Hcode                      code         00000
__Hcommon                    common       00000
__Hconfig                    config       08009
__HcstackBANK0               cstackBANK0  00000
__HcstackCOMMON              cstackCOMMON 00000
__Heeprom_data               eeprom_data  00000
__Hend_init                  end_init     00021
__Hfunctab                   functab      00000
__Hidloc                     idloc        08004
__Hinit                      init         0001F
__Hintentry                  intentry     0001F
__Hmaintext                  maintext     00000
__Hpowerup                   powerup      00000
__Hram                       ram          00000
__Hreset_vec                 reset_vec    00002
__Hsfr0                      sfr0         00000
__Hsfr1                      sfr1         00000
__Hsfr10                     sfr10        00000
__Hsfr11                     sfr11        00000
__Hsfr12                     sfr12        00000
__Hsfr13                     sfr13        00000
__Hsfr14                     sfr14        00000
__Hsfr15                     sfr15        00000
__Hsfr16                     sfr16        00000
__Hsfr17                     sfr17        00000
__Hsfr18                     sfr18        00000
__Hsfr19                     sfr19        00000
__Hsfr2                      sfr2         00000
__Hsfr20                     sfr20        00000
__Hsfr21                     sfr21        00000
__Hsfr22                     sfr22        00000
__Hsfr23                     sfr23        00000
__Hsfr24                     sfr24        00000
__Hsfr25                     sfr25        00000
__Hsfr26                     sfr26        00000
__Hsfr27                     sfr27        00000
__Hsfr28                     sfr28        00000
__Hsfr29                     sfr29        00000
__Hsfr3                      sfr3         00000
__Hsfr30                     sfr30        00000
__Hsfr31                     sfr31        00000
__Hsfr4                      sfr4         00000
__Hsfr5                      sfr5         00000
__Hsfr6                      sfr6         00000
__Hsfr7                      sfr7         00000
__Hsfr8                      sfr8         00000
__Hsfr9                      sfr9         00000
__Hspace_0                   (abs)        01008
__Hspace_1                   (abs)        0007C
__Hspace_2                   (abs)        00000
__Hspace_3                   (abs)        00000
__Hspace_4                   (abs)        10010
__Hstack                     stack        00000
__Hstrings                   strings      00000
__Hstringtext1               stringtext1  00000
__Hstringtext2               stringtext2  00000
__Htext                      text         00000
__Labs1                      abs1         00000
__Lbank0                     bank0        00000
__Lbank1                     bank1        00000
__Lbank10                    bank10       00000
__Lbank11                    bank11       00000
__Lbank12                    bank12       00000
__Lbank13                    bank13       00000
__Lbank14                    bank14       00000
__Lbank15                    bank15       00000
__Lbank16                    bank16       00000
__Lbank17                    bank17       00000
__Lbank18                    bank18       00000
__Lbank19                    bank19       00000
__Lbank2                     bank2        00000
__Lbank20                    bank20       00000
__Lbank21                    bank21       00000
__Lbank22                    bank22       00000
__Lbank23                    bank23       00000
__Lbank24                    bank24       00000
__Lbank25                    bank25       00000
__Lbank26                    bank26       00000
__Lbank27                    bank27       00000
__Lbank28                    bank28       00000
__Lbank29                    bank29       00000
__Lbank3                     bank3        00000
__Lbank30                    bank30       00000
__Lbank31                    bank31       00000
__Lbank4                     bank4        00000
__Lbank5                     bank5        00000
__Lbank6                     bank6        00000
__Lbank7                     bank7        00000
__Lbank8                     bank8        00000
__Lbank9                     bank9        00000
__Lbigram                    bigram       00000
__LbssBANK0                  bssBANK0     00000
__LbssCOMMON                 bssCOMMON    00000
__Lcinit                     cinit        00021
__Lclrtext                   clrtext      00000
__Lcode                      code         00000
__Lcommon                    common       00000
__Lconfig                    config       00000
__LcstackBANK0               cstackBANK0  00000
__LcstackCOMMON              cstackCOMMON 00000
__Leeprom_data               eeprom_data  00000
__Lend_init                  end_init     0001F
__Lfunctab                   functab      00000
__Lidloc                     idloc        00000
__Linit                      init         0001F
__Lintentry                  intentry     00004
__Lmaintext                  maintext     00000
__Lpowerup                   powerup      00000
__Lram                       ram          00000
__Lreset_vec                 reset_vec    00000
__Lsfr0                      sfr0         00000
__Lsfr1                      sfr1         00000
__Lsfr10                     sfr10        00000
__Lsfr11                     sfr11        00000
__Lsfr12                     sfr12        00000
__Lsfr13                     sfr13        00000
__Lsfr14                     sfr14        00000
__Lsfr15                     sfr15        00000
__Lsfr16                     sfr16        00000
__Lsfr17                     sfr17        00000
__Lsfr18                     sfr18        00000
__Lsfr19                     sfr19        00000
__Lsfr2                      sfr2         00000
__Lsfr20                     sfr20        00000
__Lsfr21                     sfr21        00000
__Lsfr22                     sfr22        00000
__Lsfr23                     sfr23        00000
__Lsfr24                     sfr24        00000
__Lsfr25                     sfr25        00000
__Lsfr26                     sfr26        00000
__Lsfr27                     sfr27        00000
__Lsfr28                     sfr28        00000
__Lsfr29                     sfr29        00000
__Lsfr3                      sfr3         00000
__Lsfr30                     sfr30        00000
__Lsfr31                     sfr31        00000
__Lsfr4                      sfr4         00000
__Lsfr5                      sfr5         00000
__Lsfr6                      sfr6         00000
__Lsfr7                      sfr7         00000
__Lsfr8                      sfr8         00000
__Lsfr9                      sfr9         00000
__Lspace_0                   (abs)        00000
__Lspace_1                   (abs)        00000
__Lspace_2                   (abs)        00000
__Lspace_3                   (abs)        00000
__Lspace_4                   (abs)        00000
__Lstack                     stack        00000
__Lstrings                   strings      00000
__Lstringtext1               stringtext1  00000
__Lstringtext2               stringtext2  00000
__Ltext                      text         00000
__S0                         (abs)        01008
__S1                         (abs)        0007C
__S2                         (abs)        00000
__S3                         (abs)        00000
___int_sp                    stack        00000
___latbits                   (abs)        00003
___sp                        stack        00000
___stackhi                   (abs)        021EF
___stacklo                   (abs)        0203E
__end_of_ISR                 intentry     0001F
__end_of_SPI_transfer        text24       00475
__end_of_Serial_available    text35       00F9C
__end_of__initialization     cinit        00039
__end_of_avrisp              text4        00238
__end_of_breply              text28       00774
__end_of_commit              text20       00635
__end_of_current_page        text19       005C0
__end_of_eeprom_read_page    text14       005FC
__end_of_empty_reply         text32       007E6
__end_of_end_pmode           text29       00FB5
__end_of_fill                text26       0072A
__end_of_flash               text18       007CB
__end_of_flash_read          text13       01000
__end_of_flash_read_page     text12       00583
__end_of_get_version         text27       006CF
__end_of_getch               text34       007FF
__end_of_main                maintext     006FE
__end_of_prog_lamp           text25       00FC4
__end_of_program_page        text15       003D8
__end_of_pulse               text3        00319
__end_of_read_page           text11       0037A
__end_of_read_signature      text10       00427
__end_of_reset_target        text31       00793
__end_of_set_parameters      text9        00145
__end_of_setup               text1        00669
__end_of_spi_deinit          text30       00F83
__end_of_spi_init            text8        00F88
__end_of_spi_transaction     text23       00FE8
__end_of_start_pmode         text7        00544
__end_of_uart_init           text2        00FD3
__end_of_uart_sendChar       text33       00F91
__end_of_uart_sendString     text6        007B0
__end_of_universal           text5        0069D
__end_of_write_eeprom        text21       00504
__end_of_write_eeprom_chunk  text22       004C1
__end_of_write_flash         text16       00754
__end_of_write_flash_pages   text17       002B3
__initialization             cinit        00021
__pbssBANK0                  bssBANK0     00044
__pbssBIGRAM                 (abs)        021F0
__pbssCOMMON                 bssCOMMON    0007A
__pcstackBANK0               cstackBANK0  00020
__pcstackCOMMON              cstackCOMMON 00070
__pintentry                  intentry     00004
__pmaintext                  maintext     006CF
__pstringtext1               stringtext1  01000
__pstringtext2               stringtext2  00000
__ptext1                     text1        00635
__ptext10                    text10       003D8
__ptext11                    text11       00319
__ptext12                    text12       00544
__ptext13                    text13       00FE8
__ptext14                    text14       005C0
__ptext15                    text15       0037A
__ptext16                    text16       0072A
__ptext17                    text17       00238
__ptext18                    text18       007B0
__ptext19                    text19       00583
__ptext2                     text2        00FC4
__ptext20                    text20       005FC
__ptext21                    text21       004C1
__ptext22                    text22       00475
__ptext23                    text23       00FD3
__ptext24                    text24       00427
__ptext25                    text25       00FB5
__ptext26                    text26       006FE
__ptext27                    text27       0069D
__ptext28                    text28       00754
__ptext29                    text29       00FA8
__ptext3                     text3        002B3
__ptext30                    text30       00F7F
__ptext31                    text31       00774
__ptext32                    text32       007CB
__ptext33                    text33       00F88
__ptext34                    text34       007E6
__ptext35                    text35       00F91
__ptext4                     text4        00145
__ptext5                     text5        00669
__ptext6                     text6        00793
__ptext7                     text7        00504
__ptext8                     text8        00F83
__ptext9                     text9        0003D
__size_of_ISR                (abs)        00000
__size_of_SPI_transfer       (abs)        00000
__size_of_Serial_available   (abs)        00000
__size_of_avrisp             (abs)        00000
__size_of_breply             (abs)        00000
__size_of_commit             (abs)        00000
__size_of_current_page       (abs)        00000
__size_of_eeprom_read_page   (abs)        00000
__size_of_empty_reply        (abs)        00000
__size_of_end_pmode          (abs)        00000
__size_of_fill               (abs)        00000
__size_of_flash              (abs)        00000
__size_of_flash_read         (abs)        00000
__size_of_flash_read_page    (abs)        00000
__size_of_get_version        (abs)        00000
__size_of_getch              (abs)        00000
__size_of_main               (abs)        00000
__size_of_prog_lamp          (abs)        00000
__size_of_program_page       (abs)        00000
__size_of_pulse              (abs)        00000
__size_of_read_page          (abs)        00000
__size_of_read_signature     (abs)        00000
__size_of_reset_target       (abs)        00000
__size_of_set_parameters     (abs)        00000
__size_of_setup              (abs)        00000
__size_of_spi_deinit         (abs)        00000
__size_of_spi_init           (abs)        00000
__size_of_spi_transaction    (abs)        00000
__size_of_start_pmode        (abs)        00000
__size_of_uart_init          (abs)        00000
__size_of_uart_sendChar      (abs)        00000
__size_of_uart_sendString    (abs)        00000
__size_of_universal          (abs)        00000
__size_of_write_eeprom       (abs)        00000
__size_of_write_eeprom_chunk (abs)        00000
__size_of_write_flash        (abs)        00000
__size_of_write_flash_pages  (abs)        00000
_avrisp                      text4        00145
_breply                      text28       00754
_buff                        (abs)        021F0
_commit                      text20       005FC
_current_page                text19       00583
_eeprom_read_page            text14       005C0
_empty_reply                 text32       007CB
_end_pmode                   text29       00FA8
_errors                      bssBANK0     00057
_exchange                    (abs)        022F0
_fill                        text26       006FE
_flash                       text18       007B0
_flash_read                  text13       00FE8
_flash_read_page             text12       00544
_get_version                 text27       0069D
_getch                       text34       007E6
_here                        bssCOMMON    0007A
_main                        maintext     006CF
_param                       bssBANK0     00044
_pmode                       bssBANK0     00059
_prog_lamp                   text25       00FB5
_program_page                text15       0037A
_pulse                       text3        002B3
_read_page                   text11       00319
_read_signature              text10       003D8
_reset_target                text31       00774
_rst_active_high             bssBANK0     0005B
_rx_rd_index0                bssBANK0     0005C
_rx_wr_index0                bssBANK0     0005D
_set_parameters              text9        0003D
_setup                       text1        00635
_spi_deinit                  text30       00F7F
_spi_init                    text8        00F83
_spi_transaction             text23       00FD3
_start_pmode                 text7        00504
_uart_init                   text2        00FC4
_uart_sendChar               text33       00F88
_uart_sendString             text6        00793
_universal                   text5        00669
_write_eeprom                text21       004C1
_write_eeprom_chunk          text22       00475
_write_flash                 text16       0072A
_write_flash_pages           text17       00238
avrisp@ch                    cstackBANK0  00042
breply@b                     cstackCOMMON 00074
btemp                        (abs)        0007E
clear_ram0                   clrtext      00F9C
commit@addr                  cstackBANK0  00023
commit@i                     cstackBANK0  00027
eeprom_read_page@addr        cstackBANK0  0002C
eeprom_read_page@ee          cstackBANK0  0002B
eeprom_read_page@length      cstackBANK0  00023
eeprom_read_page@start       cstackBANK0  00029
eeprom_read_page@x           cstackBANK0  0002E
end_of_initialization        cinit        00039
fill@n                       cstackCOMMON 00074
fill@x                       cstackCOMMON 00076
flash@addr                   cstackBANK0  00023
flash@data                   cstackBANK0  00025
flash@hilo                   cstackCOMMON 00079
flash_read@addr              cstackBANK0  00023
flash_read@hilo              cstackCOMMON 00079
flash_read_page@high         cstackBANK0  0002C
flash_read_page@length       cstackBANK0  00028
flash_read_page@low          cstackBANK0  0002B
flash_read_page@x            cstackBANK0  0002D
get_version@c                cstackCOMMON 00077
getch@temp                   cstackCOMMON 00073
int$flags                    (abs)        0007E
intlevel0                    functab      00000
intlevel1                    functab      00000
intlevel2                    functab      00000
intlevel3                    functab      00000
intlevel4                    functab      00000
intlevel5                    functab      00000
prog_lamp@state              cstackCOMMON 00072
program_page@length          cstackBANK0  0003D
program_page@memtype         cstackBANK0  0003C
program_page@result          cstackBANK0  0003B
pulse@pin                    cstackCOMMON 00072
pulse@tmes                   cstackCOMMON 00074
read_page@length             cstackBANK0  00035
read_page@memtype            cstackBANK0  00034
read_page@result             cstackBANK0  00033
read_signature@high          cstackBANK0  00025
read_signature@low           cstackBANK0  00027
read_signature@middle        cstackBANK0  00026
reset_target@reset           cstackCOMMON 00073
reset_vec                    reset_vec    00000
spi_transaction@a            cstackCOMMON 00078
spi_transaction@b            cstackBANK0  00020
spi_transaction@c            cstackBANK0  00021
spi_transaction@d            cstackBANK0  00022
start                        init         0001F
start_initialization         cinit        00021
uart_sendChar@ch             cstackCOMMON 00072
uart_sendString@i            cstackCOMMON 00076
uart_sendString@str          cstackCOMMON 00073
universal@ch                 cstackCOMMON 00079
write_eeprom@length          cstackBANK0  00032
write_eeprom@remaining       cstackBANK0  00036
write_eeprom@start           cstackBANK0  00034
write_eeprom_chunk@addr      cstackBANK0  0002E
write_eeprom_chunk@length    cstackBANK0  00027
write_eeprom_chunk@start     cstackBANK0  00025
write_eeprom_chunk@x         cstackBANK0  00030
write_flash@length           cstackBANK0  00033
write_flash_pages@length     cstackBANK0  0002A
write_flash_pages@page       cstackBANK0  0002F
write_flash_pages@x          cstackBANK0  00031
wtemp0                       (abs)        0007E


FUNCTION INFORMATION:

 *************** function _main *****************
 Defined at:
		line 54 in file "main.c"
 Parameters:    Size  Location     Type
		None
 Auto vars:     Size  Location     Type
		None
 Return value:  Size  Location     Type
                  1    wreg      void 
 Registers used:
		wreg, fsr0l, fsr0h, fsr1l, fsr1h, status,2, status,0, pclath, cstack
 Tracked objects:
		On entry : 
		On exit  : 
		Unchanged: 
 Data sizes:     COMMON   BANK0   BANK1   BANK2   BANK3   BANK4   BANK5   BANK6   BANK7   BANK8   BANK9  BANK10  BANK11  BANK12
      Params:         0       0       0       0       0       0       0       0       0       0       0       0       0       0
      Locals:         0       0       0       0       0       0       0       0       0       0       0       0       0       0
      Temps:          0       1       0       0       0       0       0       0       0       0       0       0       0       0
      Totals:         0       1       0       0       0       0       0       0       0       0       0       0       0       0
Total ram usage:        1 bytes
 Hardware stack levels required when called:    8
 This function calls:
		_Serial_available
		_avrisp
		_setup
 This function is called by:
		Startup code after reset
 This function uses a non-reentrant model


 *************** function _setup *****************
 Defined at:
		line 28 in file "progger.c"
 Parameters:    Size  Location     Type
		None
 Auto vars:     Size  Location     Type
		None
 Return value:  Size  Location     Type
                  1    wreg      void 
 Registers used:
		wreg, status,2, status,0, pclath, cstack
 Tracked objects:
		On entry : 
		On exit  : 
		Unchanged: 
 Data sizes:     COMMON   BANK0   BANK1   BANK2   BANK3   BANK4   BANK5   BANK6   BANK7   BANK8   BANK9  BANK10  BANK11  BANK12
      Params:         0       0       0       0       0       0       0       0       0       0       0       0       0       0
      Locals:         0       0       0       0       0       0       0       0       0       0       0       0       0       0
      Temps:          1       0       0       0       0       0       0       0       0       0       0       0       0       0
      Totals:         1       0       0       0       0       0       0       0       0       0       0       0       0       0
Total ram usage:        1 bytes
 Hardware stack levels used:    1
 Hardware stack levels required when called:    2
 This function calls:
		_pulse
		_uart_init
 This function is called by:
		_main
 This function uses a non-reentrant model


 *************** function _uart_init *****************
 Defined at:
		line 3 in file "uart.c"
 Parameters:    Size  Location     Type
		None
 Auto vars:     Size  Location     Type
		None
 Return value:  Size  Location     Type
                  1    wreg      void 
 Registers used:
		wreg, status,2, status,0
 Tracked objects:
		On entry : 
		On exit  : 
		Unchanged: 
 Data sizes:     COMMON   BANK0   BANK1   BANK2   BANK3   BANK4   BANK5   BANK6   BANK7   BANK8   BANK9  BANK10  BANK11  BANK12
      Params:         0       0       0       0       0       0       0       0       0       0       0       0       0       0
      Locals:         0       0       0       0       0       0       0       0       0       0       0       0       0       0
      Temps:          1       0       0       0       0       0       0       0       0       0       0       0       0       0
      Totals:         1       0       0       0       0       0       0       0       0       0       0       0       0       0
Total ram usage:        1 bytes
 Hardware stack levels used:    1
 Hardware stack levels required when called:    1
 This function calls:
		Nothing
 This function is called by:
		_setup
 This function uses a non-reentrant model


 *************** function _pulse *****************
 Defined at:
		line 43 in file "progger.c"
 Parameters:    Size  Location     Type
  pin             2    2[COMMON] int 
  tmes            2    4[COMMON] int 
 Auto vars:     Size  Location     Type
		None
 Return value:  Size  Location     Type
                  1    wreg      void 
 Registers used:
		wreg, status,2, status,0
 Tracked objects:
		On entry : 
		On exit  : 
		Unchanged: 
 Data sizes:     COMMON   BANK0   BANK1   BANK2   BANK3   BANK4   BANK5   BANK6   BANK7   BANK8   BANK9  BANK10  BANK11  BANK12
      Params:         4       0       0       0       0       0       0       0       0       0       0       0       0       0
      Locals:         0       0       0       0       0       0       0       0       0       0       0       0       0       0
      Temps:          1       0       0       0       0       0       0       0       0       0       0       0       0       0
      Totals:         5       0       0       0       0       0       0       0       0       0       0       0       0       0
Total ram usage:        5 bytes
 Hardware stack levels used:    1
 Hardware stack levels required when called:    1
 This function calls:
		Nothing
 This function is called by:
		_setup
 This function uses a non-reentrant model


 *************** function _avrisp *****************
 Defined at:
		line 454 in file "progger.c"
 Parameters:    Size  Location     Type
		None
 Auto vars:     Size  Location     Type
  ch              1   34[BANK0 ] unsigned char 
 Return value:  Size  Location     Type
                  1    wreg      void 
 Registers used:
		wreg, fsr0l, fsr0h, fsr1l, fsr1h, status,2, status,0, pclath, cstack
 Tracked objects:
		On entry : 
		On exit  : 
		Unchanged: 
 Data sizes:     COMMON   BANK0   BANK1   BANK2   BANK3   BANK4   BANK5   BANK6   BANK7   BANK8   BANK9  BANK10  BANK11  BANK12
      Params:         0       0       0       0       0       0       0       0       0       0       0       0       0       0
      Locals:         0       1       0       0       0       0       0       0       0       0       0       0       0       0
      Temps:          0       3       0       0       0       0       0       0       0       0       0       0       0       0
      Totals:         0       4       0       0       0       0       0       0       0       0       0       0       0       0
Total ram usage:        4 bytes
 Hardware stack levels used:    1
 Hardware stack levels required when called:    7
 This function calls:
		_empty_reply
		_end_pmode
		_fill
		_get_version
		_getch
		_program_page
		_read_page
		_read_signature
		_set_parameters
		_start_pmode
		_uart_sendChar
		_uart_sendString
		_universal
 This function is called by:
		_main
 This function uses a non-reentrant model


 *************** function _universal *****************
 Defined at:
		line 228 in file "progger.c"
 Parameters:    Size  Location     Type
		None
 Auto vars:     Size  Location     Type
  ch              1    9[COMMON] unsigned char 
 Return value:  Size  Location     Type
                  1    wreg      void 
 Registers used:
		wreg, fsr1l, fsr1h, status,2, status,0, pclath, cstack
 Tracked objects:
		On entry : 
		On exit  : 
		Unchanged: 
 Data sizes:     COMMON   BANK0   BANK1   BANK2   BANK3   BANK4   BANK5   BANK6   BANK7   BANK8   BANK9  BANK10  BANK11  BANK12
      Params:         0       0       0       0       0       0       0       0       0       0       0       0       0       0
      Locals:         1       0       0       0       0       0       0       0       0       0       0       0       0       0
      Temps:          0       4       0       0       0       0       0       0       0       0       0       0       0       0
      Totals:         1       4       0       0       0       0       0       0       0       0       0       0       0       0
Total ram usage:        5 bytes
 Hardware stack levels used:    1
 Hardware stack levels required when called:    4
 This function calls:
		_breply
		_fill
		_spi_transaction
 This function is called by:
		_avrisp
 This function uses a non-reentrant model


 *************** function _uart_sendString *****************
 Defined at:
		line 21 in file "uart.c"
 Parameters:    Size  Location     Type
  str             2    3[COMMON] PTR unsigned char 
		 -> STR_1(8), 
 Auto vars:     Size  Location     Type
  i               2    6[COMMON] int 
 Return value:  Size  Location     Type
                  1    wreg      void 
 Registers used:
		wreg, fsr0l, fsr0h, status,2, status,0, pclath, cstack
 Tracked objects:
		On entry : 
		On exit  : 
		Unchanged: 
 Data sizes:     COMMON   BANK0   BANK1   BANK2   BANK3   BANK4   BANK5   BANK6   BANK7   BANK8   BANK9  BANK10  BANK11  BANK12
      Params:         2       0       0       0       0       0       0       0       0       0       0       0       0       0
      Locals:         2       0       0       0       0       0       0       0       0       0       0       0       0       0
      Temps:          1       0       0       0       0       0       0       0       0       0       0       0       0       0
      Totals:         5       0       0       0       0       0       0       0       0       0       0       0       0       0
Total ram usage:        5 bytes
 Hardware stack levels used:    1
 Hardware stack levels required when called:    2
 This function calls:
		_uart_sendChar
 This function is called by:
		_avrisp
 This function uses a non-reentrant model


 *************** function _start_pmode *****************
 Defined at:
		line 191 in file "progger.c"
 Parameters:    Size  Location     Type
		None
 Auto vars:     Size  Location     Type
		None
 Return value:  Size  Location     Type
                  1    wreg      void 
 Registers used:
		wreg, status,2, status,0, pclath, cstack
 Tracked objects:
		On entry : 
		On exit  : 
		Unchanged: 
 Data sizes:     COMMON   BANK0   BANK1   BANK2   BANK3   BANK4   BANK5   BANK6   BANK7   BANK8   BANK9  BANK10  BANK11  BANK12
      Params:         0       0       0       0       0       0       0       0       0       0       0       0       0       0
      Locals:         0       0       0       0       0       0       0       0       0       0       0       0       0       0
      Temps:          0       2       0       0       0       0       0       0       0       0       0       0       0       0
      Totals:         0       2       0       0       0       0       0       0       0       0       0       0       0       0
Total ram usage:        2 bytes
 Hardware stack levels used:    1
 Hardware stack levels required when called:    3
 This function calls:
		_reset_target
		_spi_init
		_spi_transaction
 This function is called by:
		_avrisp
 This function uses a non-reentrant model


 *************** function _spi_init *****************
 Defined at:
		line 5 in file "spi.c"
 Parameters:    Size  Location     Type
		None
 Auto vars:     Size  Location     Type
		None
 Return value:  Size  Location     Type
                  1    wreg      void 
 Registers used:
		None
 Tracked objects:
		On entry : 
		On exit  : 
		Unchanged: 
 Data sizes:     COMMON   BANK0   BANK1   BANK2   BANK3   BANK4   BANK5   BANK6   BANK7   BANK8   BANK9  BANK10  BANK11  BANK12
      Params:         0       0       0       0       0       0       0       0       0       0       0       0       0       0
      Locals:         0       0       0       0       0       0       0       0       0       0       0       0       0       0
      Temps:          0       0       0       0       0       0       0       0       0       0       0       0       0       0
      Totals:         0       0       0       0       0       0       0       0       0       0       0       0       0       0
Total ram usage:        0 bytes
 Hardware stack levels used:    1
 Hardware stack levels required when called:    1
 This function calls:
		Nothing
 This function is called by:
		_start_pmode
 This function uses a non-reentrant model


 *************** function _set_parameters *****************
 Defined at:
		line 164 in file "progger.c"
 Parameters:    Size  Location     Type
		None
 Auto vars:     Size  Location     Type
		None
 Return value:  Size  Location     Type
                  1    wreg      void 
 Registers used:
		wreg, fsr1l, fsr1h, status,2, status,0
 Tracked objects:
		On entry : 
		On exit  : 
		Unchanged: 
 Data sizes:     COMMON   BANK0   BANK1   BANK2   BANK3   BANK4   BANK5   BANK6   BANK7   BANK8   BANK9  BANK10  BANK11  BANK12
      Params:         0       0       0       0       0       0       0       0       0       0       0       0       0       0
      Locals:         0       0       0       0       0       0       0       0       0       0       0       0       0       0
      Temps:          0      19       0       0       0       0       0       0       0       0       0       0       0       0
      Totals:         0      19       0       0       0       0       0       0       0       0       0       0       0       0
Total ram usage:       19 bytes
 Hardware stack levels used:    1
 Hardware stack levels required when called:    1
 This function calls:
		Nothing
 This function is called by:
		_avrisp
 This function uses a non-reentrant model


 *************** function _read_signature *****************
 Defined at:
		line 434 in file "progger.c"
 Parameters:    Size  Location     Type
		None
 Auto vars:     Size  Location     Type
  low             1    7[BANK0 ] unsigned char 
  middle          1    6[BANK0 ] unsigned char 
  high            1    5[BANK0 ] unsigned char 
 Return value:  Size  Location     Type
                  1    wreg      void 
 Registers used:
		wreg, fsr1l, fsr1h, status,2, status,0, pclath, cstack
 Tracked objects:
		On entry : 
		On exit  : 
		Unchanged: 
 Data sizes:     COMMON   BANK0   BANK1   BANK2   BANK3   BANK4   BANK5   BANK6   BANK7   BANK8   BANK9  BANK10  BANK11  BANK12
      Params:         0       0       0       0       0       0       0       0       0       0       0       0       0       0
      Locals:         0       3       0       0       0       0       0       0       0       0       0       0       0       0
      Temps:          0       2       0       0       0       0       0       0       0       0       0       0       0       0
      Totals:         0       5       0       0       0       0       0       0       0       0       0       0       0       0
Total ram usage:        5 bytes
 Hardware stack levels used:    1
 Hardware stack levels required when called:    3
 This function calls:
		_getch
		_spi_transaction
		_uart_sendChar
 This function is called by:
		_avrisp
 This function uses a non-reentrant model


 *************** function _read_page *****************
 Defined at:
		line 416 in file "progger.c"
 Parameters:    Size  Location     Type
		None
 Auto vars:     Size  Location     Type
  length          2   21[BANK0 ] int 
  memtype         1   20[BANK0 ] unsigned char 
  result          1   19[BANK0 ] unsigned char 
 Return value:  Size  Location     Type
                  1    wreg      void 
 Registers used:
		wreg, fsr1l, fsr1h, status,2, status,0, pclath, cstack
 Tracked objects:
		On entry : 
		On exit  : 
		Unchanged: 
 Data sizes:     COMMON   BANK0   BANK1   BANK2   BANK3   BANK4   BANK5   BANK6   BANK7   BANK8   BANK9  BANK10  BANK11  BANK12
      Params:         0       0       0       0       0       0       0       0       0       0       0       0       0       0
      Locals:         0       4       0       0       0       0       0       0       0       0       0       0       0       0
      Temps:          0       3       0       0       0       0       0       0       0       0       0       0       0       0
      Totals:         0       7       0       0       0       0       0       0       0       0       0       0       0       0
Total ram usage:        7 bytes
 Hardware stack levels used:    1
 Hardware stack levels required when called:    5
 This function calls:
		_eeprom_read_page
		_flash_read_page
		_getch
		_uart_sendChar
 This function is called by:
		_avrisp
 This function uses a non-reentrant model


 *************** function _flash_read_page *****************
 Defined at:
		line 390 in file "progger.c"
 Parameters:    Size  Location     Type
  length          2    8[BANK0 ] int 
 Auto vars:     Size  Location     Type
  high            1   12[BANK0 ] unsigned char 
  low             1   11[BANK0 ] unsigned char 
  x               2   13[BANK0 ] int 
 Return value:  Size  Location     Type
                  1    wreg      unsigned char 
 Registers used:
		wreg, status,2, status,0, pclath, cstack
 Tracked objects:
		On entry : 
		On exit  : 
		Unchanged: 
 Data sizes:     COMMON   BANK0   BANK1   BANK2   BANK3   BANK4   BANK5   BANK6   BANK7   BANK8   BANK9  BANK10  BANK11  BANK12
      Params:         0       2       0       0       0       0       0       0       0       0       0       0       0       0
      Locals:         0       4       0       0       0       0       0       0       0       0       0       0       0       0
      Temps:          0       1       0       0       0       0       0       0       0       0       0       0       0       0
      Totals:         0       7       0       0       0       0       0       0       0       0       0       0       0       0
Total ram usage:        7 bytes
 Hardware stack levels used:    1
 Hardware stack levels required when called:    4
 This function calls:
		_flash_read
		_uart_sendChar
 This function is called by:
		_read_page
 This function uses a non-reentrant model


 *************** function _flash_read *****************
 Defined at:
		line 382 in file "progger.c"
 Parameters:    Size  Location     Type
  hilo            1    wreg     unsigned char 
  addr            2    3[BANK0 ] unsigned int 
 Auto vars:     Size  Location     Type
  hilo            1    9[COMMON] unsigned char 
 Return value:  Size  Location     Type
                  1    wreg      unsigned char 
 Registers used:
		wreg, status,2, status,0, pclath, cstack
 Tracked objects:
		On entry : 
		On exit  : 
		Unchanged: 
 Data sizes:     COMMON   BANK0   BANK1   BANK2   BANK3   BANK4   BANK5   BANK6   BANK7   BANK8   BANK9  BANK10  BANK11  BANK12
      Params:         0       2       0       0       0       0       0       0       0       0       0       0       0       0
      Locals:         1       0       0       0       0       0       0       0       0       0       0       0       0       0
      Temps:          0       3       0       0       0       0       0       0       0       0       0       0       0       0
      Totals:         1       5       0       0       0       0       0       0       0       0       0       0       0       0
Total ram usage:        6 bytes
 Hardware stack levels used:    1
 Hardware stack levels required when called:    3
 This function calls:
		_spi_transaction
 This function is called by:
		_flash_read_page
 This function uses a non-reentrant model


 *************** function _eeprom_read_page *****************
 Defined at:
		line 403 in file "progger.c"
 Parameters:    Size  Location     Type
  length          2    3[BANK0 ] int 
 Auto vars:     Size  Location     Type
  addr            2   12[BANK0 ] int 
  ee              1   11[BANK0 ] unsigned char 
  x               2   14[BANK0 ] int 
  start           2    9[BANK0 ] int 
 Return value:  Size  Location     Type
                  1    wreg      unsigned char 
 Registers used:
		wreg, status,2, status,0, pclath, cstack
 Tracked objects:
		On entry : 
		On exit  : 
		Unchanged: 
 Data sizes:     COMMON   BANK0   BANK1   BANK2   BANK3   BANK4   BANK5   BANK6   BANK7   BANK8   BANK9  BANK10  BANK11  BANK12
      Params:         0       2       0       0       0       0       0       0       0       0       0       0       0       0
      Locals:         0       7       0       0       0       0       0       0       0       0       0       0       0       0
      Temps:          0       4       0       0       0       0       0       0       0       0       0       0       0       0
      Totals:         0      13       0       0       0       0       0       0       0       0       0       0       0       0
Total ram usage:       13 bytes
 Hardware stack levels used:    1
 Hardware stack levels required when called:    3
 This function calls:
		_spi_transaction
		_uart_sendChar
 This function is called by:
		_read_page
 This function uses a non-reentrant model


 *************** function _program_page *****************
 Defined at:
		line 351 in file "progger.c"
 Parameters:    Size  Location     Type
		None
 Auto vars:     Size  Location     Type
  length          2   29[BANK0 ] unsigned int 
  memtype         1   28[BANK0 ] unsigned char 
  result          1   27[BANK0 ] unsigned char 
 Return value:  Size  Location     Type
                  1    wreg      void 
 Registers used:
		wreg, fsr1l, fsr1h, status,2, status,0, pclath, cstack
 Tracked objects:
		On entry : 
		On exit  : 
		Unchanged: 
 Data sizes:     COMMON   BANK0   BANK1   BANK2   BANK3   BANK4   BANK5   BANK6   BANK7   BANK8   BANK9  BANK10  BANK11  BANK12
      Params:         0       0       0       0       0       0       0       0       0       0       0       0       0       0
      Locals:         0       4       0       0       0       0       0       0       0       0       0       0       0       0
      Temps:          0       3       0       0       0       0       0       0       0       0       0       0       0       0
      Totals:         0       7       0       0       0       0       0       0       0       0       0       0       0       0
Total ram usage:        7 bytes
 Hardware stack levels used:    1
 Hardware stack levels required when called:    6
 This function calls:
		_getch
		_uart_sendChar
		_write_eeprom
		_write_flash
 This function is called by:
		_avrisp
 This function uses a non-reentrant model


 *************** function _write_flash *****************
 Defined at:
		line 280 in file "progger.c"
 Parameters:    Size  Location     Type
  length          2   19[BANK0 ] int 
 Auto vars:     Size  Location     Type
		None
 Return value:  Size  Location     Type
                  1    wreg      void 
 Registers used:
		wreg, fsr1l, fsr1h, status,2, status,0, pclath, cstack
 Tracked objects:
		On entry : 
		On exit  : 
		Unchanged: 
 Data sizes:     COMMON   BANK0   BANK1   BANK2   BANK3   BANK4   BANK5   BANK6   BANK7   BANK8   BANK9  BANK10  BANK11  BANK12
      Params:         0       2       0       0       0       0       0       0       0       0       0       0       0       0
      Locals:         0       0       0       0       0       0       0       0       0       0       0       0       0       0
      Temps:          0       0       0       0       0       0       0       0       0       0       0       0       0       0
      Totals:         0       2       0       0       0       0       0       0       0       0       0       0       0       0
Total ram usage:        2 bytes
 Hardware stack levels used:    1
 Hardware stack levels required when called:    5
 This function calls:
		_fill
		_getch
		_uart_sendChar
		_write_flash_pages
 This function is called by:
		_program_page
 This function uses a non-reentrant model


 *************** function _write_flash_pages *****************
 Defined at:
		line 295 in file "progger.c"
 Parameters:    Size  Location     Type
  length          2   10[BANK0 ] int 
 Auto vars:     Size  Location     Type
  x               2   17[BANK0 ] int 
  page            2   15[BANK0 ] unsigned int 
 Return value:  Size  Location     Type
                  1    wreg      unsigned char 
 Registers used:
		wreg, fsr1l, fsr1h, status,2, status,0, pclath, cstack
 Tracked objects:
		On entry : 
		On exit  : 
		Unchanged: 
 Data sizes:     COMMON   BANK0   BANK1   BANK2   BANK3   BANK4   BANK5   BANK6   BANK7   BANK8   BANK9  BANK10  BANK11  BANK12
      Params:         0       2       0       0       0       0       0       0       0       0       0       0       0       0
      Locals:         0       4       0       0       0       0       0       0       0       0       0       0       0       0
      Temps:          0       3       0       0       0       0       0       0       0       0       0       0       0       0
      Totals:         0       9       0       0       0       0       0       0       0       0       0       0       0       0
Total ram usage:        9 bytes
 Hardware stack levels used:    1
 Hardware stack levels required when called:    4
 This function calls:
		_commit
		_current_page
		_flash
 This function is called by:
		_write_flash
 This function uses a non-reentrant model


 *************** function _flash *****************
 Defined at:
		line 237 in file "progger.c"
 Parameters:    Size  Location     Type
  hilo            1    wreg     unsigned char 
  addr            2    3[BANK0 ] unsigned int 
  data            1    5[BANK0 ] unsigned char 
 Auto vars:     Size  Location     Type
  hilo            1    9[COMMON] unsigned char 
 Return value:  Size  Location     Type
                  1    wreg      void 
 Registers used:
		wreg, status,2, status,0, pclath, cstack
 Tracked objects:
		On entry : 
		On exit  : 
		Unchanged: 
 Data sizes:     COMMON   BANK0   BANK1   BANK2   BANK3   BANK4   BANK5   BANK6   BANK7   BANK8   BANK9  BANK10  BANK11  BANK12
      Params:         0       3       0       0       0       0       0       0       0       0       0       0       0       0
      Locals:         1       0       0       0       0       0       0       0       0       0       0       0       0       0
      Temps:          0       4       0       0       0       0       0       0       0       0       0       0       0       0
      Totals:         1       7       0       0       0       0       0       0       0       0       0       0       0       0
Total ram usage:        8 bytes
 Hardware stack levels used:    1
 Hardware stack levels required when called:    3
 This function calls:
		_spi_transaction
 This function is called by:
		_write_flash_pages
 This function uses a non-reentrant model


 *************** function _current_page *****************
 Defined at:
		line 259 in file "progger.c"
 Parameters:    Size  Location     Type
		None
 Auto vars:     Size  Location     Type
		None
 Return value:  Size  Location     Type
                  2    2[COMMON] unsigned int 
 Registers used:
		wreg, status,2, status,0
 Tracked objects:
		On entry : 
		On exit  : 
		Unchanged: 
 Data sizes:     COMMON   BANK0   BANK1   BANK2   BANK3   BANK4   BANK5   BANK6   BANK7   BANK8   BANK9  BANK10  BANK11  BANK12
      Params:         2       0       0       0       0       0       0       0       0       0       0       0       0       0
      Locals:         0       0       0       0       0       0       0       0       0       0       0       0       0       0
      Temps:          0       0       0       0       0       0       0       0       0       0       0       0       0       0
      Totals:         2       0       0       0       0       0       0       0       0       0       0       0       0       0
Total ram usage:        2 bytes
 Hardware stack levels used:    1
 Hardware stack levels required when called:    1
 This function calls:
		Nothing
 This function is called by:
		_write_flash_pages
 This function uses a non-reentrant model


 *************** function _commit *****************
 Defined at:
		line 245 in file "progger.c"
 Parameters:    Size  Location     Type
  addr            2    3[BANK0 ] unsigned int 
 Auto vars:     Size  Location     Type
  i               2    7[BANK0 ] int 
 Return value:  Size  Location     Type
                  1    wreg      void 
 Registers used:
		wreg, status,2, status,0, pclath, cstack
 Tracked objects:
		On entry : 
		On exit  : 
		Unchanged: 
 Data sizes:     COMMON   BANK0   BANK1   BANK2   BANK3   BANK4   BANK5   BANK6   BANK7   BANK8   BANK9  BANK10  BANK11  BANK12
      Params:         0       2       0       0       0       0       0       0       0       0       0       0       0       0
      Locals:         0       2       0       0       0       0       0       0       0       0       0       0       0       0
      Temps:          0       2       0       0       0       0       0       0       0       0       0       0       0       0
      Totals:         0       6       0       0       0       0       0       0       0       0       0       0       0       0
Total ram usage:        6 bytes
 Hardware stack levels used:    1
 Hardware stack levels required when called:    3
 This function calls:
		_prog_lamp
		_spi_transaction
 This function is called by:
		_write_flash_pages
 This function uses a non-reentrant model


 *************** function _write_eeprom *****************
 Defined at:
		line 316 in file "progger.c"
 Parameters:    Size  Location     Type
  length          2   18[BANK0 ] unsigned int 
 Auto vars:     Size  Location     Type
  remaining       2   22[BANK0 ] unsigned int 
  start           2   20[BANK0 ] unsigned int 
 Return value:  Size  Location     Type
                  1    wreg      unsigned char 
 Registers used:
		wreg, fsr1l, fsr1h, status,2, status,0, pclath, cstack
 Tracked objects:
		On entry : 
		On exit  : 
		Unchanged: 
 Data sizes:     COMMON   BANK0   BANK1   BANK2   BANK3   BANK4   BANK5   BANK6   BANK7   BANK8   BANK9  BANK10  BANK11  BANK12
      Params:         0       2       0       0       0       0       0       0       0       0       0       0       0       0
      Locals:         0       4       0       0       0       0       0       0       0       0       0       0       0       0
      Temps:          0       0       0       0       0       0       0       0       0       0       0       0       0       0
      Totals:         0       6       0       0       0       0       0       0       0       0       0       0       0       0
Total ram usage:        6 bytes
 Hardware stack levels used:    1
 Hardware stack levels required when called:    5
 This function calls:
		_write_eeprom_chunk
 This function is called by:
		_program_page
 This function uses a non-reentrant model


 *************** function _write_eeprom_chunk *****************
 Defined at:
		line 336 in file "progger.c"
 Parameters:    Size  Location     Type
  start           2    5[BANK0 ] unsigned int 
  length          2    7[BANK0 ] unsigned int 
 Auto vars:     Size  Location     Type
  addr            2   14[BANK0 ] unsigned int 
  x               2   16[BANK0 ] unsigned int 
 Return value:  Size  Location     Type
                  1    wreg      unsigned char 
 Registers used:
		wreg, fsr1l, fsr1h, status,2, status,0, pclath, cstack
 Tracked objects:
		On entry : 
		On exit  : 
		Unchanged: 
 Data sizes:     COMMON   BANK0   BANK1   BANK2   BANK3   BANK4   BANK5   BANK6   BANK7   BANK8   BANK9  BANK10  BANK11  BANK12
      Params:         0       4       0       0       0       0       0       0       0       0       0       0       0       0
      Locals:         0       4       0       0       0       0       0       0       0       0       0       0       0       0
      Temps:          0       5       0       0       0       0       0       0       0       0       0       0       0       0
      Totals:         0      13       0       0       0       0       0       0       0       0       0       0       0       0
Total ram usage:       13 bytes
 Hardware stack levels used:    1
 Hardware stack levels required when called:    4
 This function calls:
		_fill
		_prog_lamp
		_spi_transaction
 This function is called by:
		_write_eeprom
 This function uses a non-reentrant model


 *************** function _spi_transaction *****************
 Defined at:
		line 107 in file "progger.c"
 Parameters:    Size  Location     Type
  a               1    wreg     unsigned char 
  b               1    0[BANK0 ] unsigned char 
  c               1    1[BANK0 ] unsigned char 
  d               1    2[BANK0 ] unsigned char 
 Auto vars:     Size  Location     Type
  a               1    8[COMMON] unsigned char 
 Return value:  Size  Location     Type
                  1    wreg      unsigned char 
 Registers used:
		wreg, status,2, status,0, pclath, cstack
 Tracked objects:
		On entry : 
		On exit  : 
		Unchanged: 
 Data sizes:     COMMON   BANK0   BANK1   BANK2   BANK3   BANK4   BANK5   BANK6   BANK7   BANK8   BANK9  BANK10  BANK11  BANK12
      Params:         0       3       0       0       0       0       0       0       0       0       0       0       0       0
      Locals:         1       0       0       0       0       0       0       0       0       0       0       0       0       0
      Temps:          0       0       0       0       0       0       0       0       0       0       0       0       0       0
      Totals:         1       3       0       0       0       0       0       0       0       0       0       0       0       0
Total ram usage:        4 bytes
 Hardware stack levels used:    1
 Hardware stack levels required when called:    2
 This function calls:
		_SPI_transfer
 This function is called by:
		_start_pmode
		_universal
		_flash
		_commit
		_write_eeprom_chunk
		_flash_read
		_eeprom_read_page
		_read_signature
 This function uses a non-reentrant model


 *************** function _SPI_transfer *****************
 Defined at:
		line 15 in file "spi.c"
 Parameters:    Size  Location     Type
  dat             1    wreg     unsigned char 
 Auto vars:     Size  Location     Type
  dat             1    4[COMMON] unsigned char 
  i               2    6[COMMON] unsigned int 
  rslt            1    5[COMMON] unsigned char 
 Return value:  Size  Location     Type
                  1    wreg      unsigned char 
 Registers used:
		wreg, status,2, status,0
 Tracked objects:
		On entry : 
		On exit  : 
		Unchanged: 
 Data sizes:     COMMON   BANK0   BANK1   BANK2   BANK3   BANK4   BANK5   BANK6   BANK7   BANK8   BANK9  BANK10  BANK11  BANK12
      Params:         0       0       0       0       0       0       0       0       0       0       0       0       0       0
      Locals:         4       0       0       0       0       0       0       0       0       0       0       0       0       0
      Temps:          2       0       0       0       0       0       0       0       0       0       0       0       0       0
      Totals:         6       0       0       0       0       0       0       0       0       0       0       0       0       0
Total ram usage:        6 bytes
 Hardware stack levels used:    1
 Hardware stack levels required when called:    1
 This function calls:
		Nothing
 This function is called by:
		_spi_transaction
 This function uses a non-reentrant model


 *************** function _prog_lamp *****************
 Defined at:
		line 98 in file "progger.c"
 Parameters:    Size  Location     Type
  state           2    2[COMMON] int 
 Auto vars:     Size  Location     Type
		None
 Return value:  Size  Location     Type
                  1    wreg      void 
 Registers used:
		wreg, status,2, status,0
 Tracked objects:
		On entry : 
		On exit  : 
		Unchanged: 
 Data sizes:     COMMON   BANK0   BANK1   BANK2   BANK3   BANK4   BANK5   BANK6   BANK7   BANK8   BANK9  BANK10  BANK11  BANK12
      Params:         2       0       0       0       0       0       0       0       0       0       0       0       0       0
      Locals:         0       0       0       0       0       0       0       0       0       0       0       0       0       0
      Temps:          1       0       0       0       0       0       0       0       0       0       0       0       0       0
      Totals:         3       0       0       0       0       0       0       0       0       0       0       0       0       0
Total ram usage:        3 bytes
 Hardware stack levels used:    1
 Hardware stack levels required when called:    1
 This function calls:
		Nothing
 This function is called by:
		_commit
		_write_eeprom_chunk
 This function uses a non-reentrant model


 *************** function _fill *****************
 Defined at:
		line 93 in file "progger.c"
 Parameters:    Size  Location     Type
  n               2    4[COMMON] int 
 Auto vars:     Size  Location     Type
  x               2    6[COMMON] int 
 Return value:  Size  Location     Type
                  1    wreg      void 
 Registers used:
		wreg, fsr1l, fsr1h, status,2, status,0, pclath, cstack
 Tracked objects:
		On entry : 
		On exit  : 
		Unchanged: 
 Data sizes:     COMMON   BANK0   BANK1   BANK2   BANK3   BANK4   BANK5   BANK6   BANK7   BANK8   BANK9  BANK10  BANK11  BANK12
      Params:         2       0       0       0       0       0       0       0       0       0       0       0       0       0
      Locals:         2       0       0       0       0       0       0       0       0       0       0       0       0       0
      Temps:          0       5       0       0       0       0       0       0       0       0       0       0       0       0
      Totals:         4       5       0       0       0       0       0       0       0       0       0       0       0       0
Total ram usage:        9 bytes
 Hardware stack levels used:    1
 Hardware stack levels required when called:    3
 This function calls:
		_getch
 This function is called by:
		_universal
		_write_flash
		_write_eeprom_chunk
		_avrisp
 This function uses a non-reentrant model


 *************** function _get_version *****************
 Defined at:
		line 144 in file "progger.c"
 Parameters:    Size  Location     Type
  c               1    wreg     unsigned char 
 Auto vars:     Size  Location     Type
  c               1    7[COMMON] unsigned char 
 Return value:  Size  Location     Type
                  1    wreg      void 
 Registers used:
		wreg, fsr0l, fsr0h, fsr1l, fsr1h, status,2, status,0, pclath, cstack
 Tracked objects:
		On entry : 
		On exit  : 
		Unchanged: 
 Data sizes:     COMMON   BANK0   BANK1   BANK2   BANK3   BANK4   BANK5   BANK6   BANK7   BANK8   BANK9  BANK10  BANK11  BANK12
      Params:         0       0       0       0       0       0       0       0       0       0       0       0       0       0
      Locals:         1       0       0       0       0       0       0       0       0       0       0       0       0       0
      Temps:          2       0       0       0       0       0       0       0       0       0       0       0       0       0
      Totals:         3       0       0       0       0       0       0       0       0       0       0       0       0       0
Total ram usage:        3 bytes
 Hardware stack levels used:    1
 Hardware stack levels required when called:    4
 This function calls:
		_breply
 This function is called by:
		_avrisp
 This function uses a non-reentrant model


 *************** function _breply *****************
 Defined at:
		line 129 in file "progger.c"
 Parameters:    Size  Location     Type
  b               1    wreg     unsigned char 
 Auto vars:     Size  Location     Type
  b               1    4[COMMON] unsigned char 
 Return value:  Size  Location     Type
                  1    wreg      void 
 Registers used:
		wreg, fsr1l, fsr1h, status,2, status,0, pclath, cstack
 Tracked objects:
		On entry : 
		On exit  : 
		Unchanged: 
 Data sizes:     COMMON   BANK0   BANK1   BANK2   BANK3   BANK4   BANK5   BANK6   BANK7   BANK8   BANK9  BANK10  BANK11  BANK12
      Params:         0       0       0       0       0       0       0       0       0       0       0       0       0       0
      Locals:         1       0       0       0       0       0       0       0       0       0       0       0       0       0
      Temps:          0       0       0       0       0       0       0       0       0       0       0       0       0       0
      Totals:         1       0       0       0       0       0       0       0       0       0       0       0       0       0
Total ram usage:        1 bytes
 Hardware stack levels used:    1
 Hardware stack levels required when called:    3
 This function calls:
		_getch
		_uart_sendChar
 This function is called by:
		_get_version
		_universal
 This function uses a non-reentrant model


 *************** function _end_pmode *****************
 Defined at:
		line 220 in file "progger.c"
 Parameters:    Size  Location     Type
		None
 Auto vars:     Size  Location     Type
		None
 Return value:  Size  Location     Type
                  1    wreg      void 
 Registers used:
		wreg, status,2, status,0, pclath, cstack
 Tracked objects:
		On entry : 
		On exit  : 
		Unchanged: 
 Data sizes:     COMMON   BANK0   BANK1   BANK2   BANK3   BANK4   BANK5   BANK6   BANK7   BANK8   BANK9  BANK10  BANK11  BANK12
      Params:         0       0       0       0       0       0       0       0       0       0       0       0       0       0
      Locals:         0       0       0       0       0       0       0       0       0       0       0       0       0       0
      Temps:          0       0       0       0       0       0       0       0       0       0       0       0       0       0
      Totals:         0       0       0       0       0       0       0       0       0       0       0       0       0       0
Total ram usage:        0 bytes
 Hardware stack levels used:    1
 Hardware stack levels required when called:    2
 This function calls:
		_reset_target
		_spi_deinit
 This function is called by:
		_avrisp
 This function uses a non-reentrant model


 *************** function _spi_deinit *****************
 Defined at:
		line 40 in file "spi.c"
 Parameters:    Size  Location     Type
		None
 Auto vars:     Size  Location     Type
		None
 Return value:  Size  Location     Type
                  1    wreg      void 
 Registers used:
		wreg
 Tracked objects:
		On entry : 
		On exit  : 
		Unchanged: 
 Data sizes:     COMMON   BANK0   BANK1   BANK2   BANK3   BANK4   BANK5   BANK6   BANK7   BANK8   BANK9  BANK10  BANK11  BANK12
      Params:         0       0       0       0       0       0       0       0       0       0       0       0       0       0
      Locals:         0       0       0       0       0       0       0       0       0       0       0       0       0       0
      Temps:          0       0       0       0       0       0       0       0       0       0       0       0       0       0
      Totals:         0       0       0       0       0       0       0       0       0       0       0       0       0       0
Total ram usage:        0 bytes
 Hardware stack levels used:    1
 Hardware stack levels required when called:    1
 This function calls:
		Nothing
 This function is called by:
		_end_pmode
 This function uses a non-reentrant model


 *************** function _reset_target *****************
 Defined at:
		line 72 in file "progger.c"
 Parameters:    Size  Location     Type
  reset           1    wreg     unsigned char 
 Auto vars:     Size  Location     Type
  reset           1    3[COMMON] unsigned char 
 Return value:  Size  Location     Type
                  1    wreg      void 
 Registers used:
		wreg, status,2, status,0
 Tracked objects:
		On entry : 
		On exit  : 
		Unchanged: 
 Data sizes:     COMMON   BANK0   BANK1   BANK2   BANK3   BANK4   BANK5   BANK6   BANK7   BANK8   BANK9  BANK10  BANK11  BANK12
      Params:         0       0       0       0       0       0       0       0       0       0       0       0       0       0
      Locals:         1       0       0       0       0       0       0       0       0       0       0       0       0       0
      Temps:          1       0       0       0       0       0       0       0       0       0       0       0       0       0
      Totals:         2       0       0       0       0       0       0       0       0       0       0       0       0       0
Total ram usage:        2 bytes
 Hardware stack levels used:    1
 Hardware stack levels required when called:    1
 This function calls:
		Nothing
 This function is called by:
		_start_pmode
		_end_pmode
 This function uses a non-reentrant model


 *************** function _empty_reply *****************
 Defined at:
		line 115 in file "progger.c"
 Parameters:    Size  Location     Type
		None
 Auto vars:     Size  Location     Type
		None
 Return value:  Size  Location     Type
                  1    wreg      void 
 Registers used:
		wreg, fsr1l, fsr1h, status,2, status,0, pclath, cstack
 Tracked objects:
		On entry : 
		On exit  : 
		Unchanged: 
 Data sizes:     COMMON   BANK0   BANK1   BANK2   BANK3   BANK4   BANK5   BANK6   BANK7   BANK8   BANK9  BANK10  BANK11  BANK12
      Params:         0       0       0       0       0       0       0       0       0       0       0       0       0       0
      Locals:         0       0       0       0       0       0       0       0       0       0       0       0       0       0
      Temps:          0       0       0       0       0       0       0       0       0       0       0       0       0       0
      Totals:         0       0       0       0       0       0       0       0       0       0       0       0       0       0
Total ram usage:        0 bytes
 Hardware stack levels used:    1
 Hardware stack levels required when called:    3
 This function calls:
		_getch
		_uart_sendChar
 This function is called by:
		_avrisp
 This function uses a non-reentrant model


 *************** function _uart_sendChar *****************
 Defined at:
		line 15 in file "uart.c"
 Parameters:    Size  Location     Type
  ch              1    wreg     unsigned char 
 Auto vars:     Size  Location     Type
  ch              1    2[COMMON] unsigned char 
 Return value:  Size  Location     Type
                  1    wreg      void 
 Registers used:
		wreg
 Tracked objects:
		On entry : 
		On exit  : 
		Unchanged: 
 Data sizes:     COMMON   BANK0   BANK1   BANK2   BANK3   BANK4   BANK5   BANK6   BANK7   BANK8   BANK9  BANK10  BANK11  BANK12
      Params:         0       0       0       0       0       0       0       0       0       0       0       0       0       0
      Locals:         1       0       0       0       0       0       0       0       0       0       0       0       0       0
      Temps:          0       0       0       0       0       0       0       0       0       0       0       0       0       0
      Totals:         1       0       0       0       0       0       0       0       0       0       0       0       0       0
Total ram usage:        1 bytes
 Hardware stack levels used:    1
 Hardware stack levels required when called:    1
 This function calls:
		Nothing
 This function is called by:
		_uart_sendString
		_empty_reply
		_breply
		_write_flash
		_program_page
		_flash_read_page
		_eeprom_read_page
		_read_page
		_read_signature
		_avrisp
 This function uses a non-reentrant model


 *************** function _getch *****************
 Defined at:
		line 84 in file "progger.c"
 Parameters:    Size  Location     Type
		None
 Auto vars:     Size  Location     Type
  temp            1    3[COMMON] unsigned char 
 Return value:  Size  Location     Type
                  1    wreg      unsigned char 
 Registers used:
		wreg, fsr1l, fsr1h, status,2, status,0, pclath, cstack
 Tracked objects:
		On entry : 
		On exit  : 
		Unchanged: 
 Data sizes:     COMMON   BANK0   BANK1   BANK2   BANK3   BANK4   BANK5   BANK6   BANK7   BANK8   BANK9  BANK10  BANK11  BANK12
      Params:         0       0       0       0       0       0       0       0       0       0       0       0       0       0
      Locals:         1       0       0       0       0       0       0       0       0       0       0       0       0       0
      Temps:          1       0       0       0       0       0       0       0       0       0       0       0       0       0
      Totals:         2       0       0       0       0       0       0       0       0       0       0       0       0       0
Total ram usage:        2 bytes
 Hardware stack levels used:    1
 Hardware stack levels required when called:    2
 This function calls:
		_Serial_available
 This function is called by:
		_fill
		_empty_reply
		_breply
		_write_flash
		_program_page
		_read_page
		_read_signature
		_avrisp
 This function uses a non-reentrant model


 *************** function _Serial_available *****************
 Defined at:
		line 78 in file "progger.c"
 Parameters:    Size  Location     Type
		None
 Auto vars:     Size  Location     Type
		None
 Return value:  Size  Location     Type
                  1    wreg      unsigned char 
 Registers used:
		wreg
 Tracked objects:
		On entry : 
		On exit  : 
		Unchanged: 
 Data sizes:     COMMON   BANK0   BANK1   BANK2   BANK3   BANK4   BANK5   BANK6   BANK7   BANK8   BANK9  BANK10  BANK11  BANK12
      Params:         0       0       0       0       0       0       0       0       0       0       0       0       0       0
      Locals:         0       0       0       0       0       0       0       0       0       0       0       0       0       0
      Temps:          0       0       0       0       0       0       0       0       0       0       0       0       0       0
      Totals:         0       0       0       0       0       0       0       0       0       0       0       0       0       0
Total ram usage:        0 bytes
 Hardware stack levels used:    1
 Hardware stack levels required when called:    1
 This function calls:
		Nothing
 This function is called by:
		_main
		_getch
 This function uses a non-reentrant model


 *************** function _ISR *****************
 Defined at:
		line 44 in file "main.c"
 Parameters:    Size  Location     Type
		None
 Auto vars:     Size  Location     Type
		None
 Return value:  Size  Location     Type
                  1    wreg      void 
 Registers used:
		wreg, fsr1l, fsr1h, status,2, status,0
 Tracked objects:
		On entry : 
		On exit  : 
		Unchanged: 
 Data sizes:     COMMON   BANK0   BANK1   BANK2   BANK3   BANK4   BANK5   BANK6   BANK7   BANK8   BANK9  BANK10  BANK11  BANK12
      Params:         0       0       0       0       0       0       0       0       0       0       0       0       0       0
      Locals:         0       0       0       0       0       0       0       0       0       0       0       0       0       0
      Temps:          2       0       0       0       0       0       0       0       0       0       0       0       0       0
      Totals:         2       0       0       0       0       0       0       0       0       0       0       0       0       0
Total ram usage:        2 bytes
 Hardware stack levels used:    1
 This function calls:
		Nothing
 This function is called by:
		Interrupt level 1
 This function uses a non-reentrant model



MODULE INFORMATION

Module		Function		Class		Link	Load	Size
uart.c
		_uart_sendString		CODE           	0793	0000	29
		_uart_init     		CODE           	0FC4	0000	15
		_uart_sendChar 		CODE           	0F88	0000	9

uart.c estimated size: 53

spi.c
		_spi_init      		CODE           	0F83	0000	5
		_spi_deinit    		CODE           	0F7F	0000	4
		_SPI_transfer  		CODE           	0427	0000	78

spi.c estimated size: 87

shared
		__initialization		CODE           	0021	0000	24

shared estimated size: 24

progger.c
		_get_version   		CODE           	069D	0000	50
		_universal     		CODE           	0669	0000	52
		_flash_read_page		CODE           	0544	0000	63
		_end_pmode     		CODE           	0FA8	0000	13
		_empty_reply   		CODE           	07CB	0000	27
		_fill          		CODE           	06FE	0000	44
		_Serial_available		CODE           	0F91	0000	11
		_program_page  		CODE           	037A	0000	94
		_flash         		CODE           	07B0	0000	27
		_current_page  		CODE           	0583	0000	61
		_write_eeprom_chunk		CODE           	0475	0000	76
		_start_pmode   		CODE           	0504	0000	64
		_commit        		CODE           	05FC	0000	57
		_write_flash   		CODE           	072A	0000	42
		_flash_read    		CODE           	0FE8	0000	24
		_prog_lamp     		CODE           	0FB5	0000	15
		_reset_target  		CODE           	0774	0000	31
		_read_signature		CODE           	03D8	0000	79
		_pulse         		CODE           	02B3	0000	102
		_getch         		CODE           	07E6	0000	25
		_breply        		CODE           	0754	0000	32
		_setup         		CODE           	0635	0000	52
		_write_flash_pages		CODE           	0238	0000	123
		_read_page     		CODE           	0319	0000	97
		_spi_transaction		CODE           	0FD3	0000	21
		_avrisp        		CODE           	0145	0000	243
		_write_eeprom  		CODE           	04C1	0000	67
		_eeprom_read_page		CODE           	05C0	0000	60
		_set_parameters		CODE           	003D	0000	264

progger.c estimated size: 1916

main.c
		_ISR           		CODE           	0004	0000	27
		_main          		CODE           	06CF	0000	47

main.c estimated size: 74

