Archive member included to satisfy reference by file (symbol)

d:/programs/ac6/systemworkbench/plugins/fr.ac6.mcu.externaltools.arm-none.win32_1.17.0.201812190825/tools/compiler/bin/../lib/gcc/arm-none-eabi/7.3.1/../../../../arm-none-eabi/lib/thumb/v6-m\libc.a(lib_a-errno.o)
                              startup/sysmem.o (__errno)
d:/programs/ac6/systemworkbench/plugins/fr.ac6.mcu.externaltools.arm-none.win32_1.17.0.201812190825/tools/compiler/bin/../lib/gcc/arm-none-eabi/7.3.1/../../../../arm-none-eabi/lib/thumb/v6-m\libc.a(lib_a-exit.o)
                              d:/programs/ac6/systemworkbench/plugins/fr.ac6.mcu.externaltools.arm-none.win32_1.17.0.201812190825/tools/compiler/bin/../lib/gcc/arm-none-eabi/7.3.1/../../../../arm-none-eabi/lib/thumb/v6-m/crt0.o (exit)
d:/programs/ac6/systemworkbench/plugins/fr.ac6.mcu.externaltools.arm-none.win32_1.17.0.201812190825/tools/compiler/bin/../lib/gcc/arm-none-eabi/7.3.1/../../../../arm-none-eabi/lib/thumb/v6-m\libc.a(lib_a-impure.o)
                              d:/programs/ac6/systemworkbench/plugins/fr.ac6.mcu.externaltools.arm-none.win32_1.17.0.201812190825/tools/compiler/bin/../lib/gcc/arm-none-eabi/7.3.1/../../../../arm-none-eabi/lib/thumb/v6-m\libc.a(lib_a-exit.o) (_global_impure_ptr)
d:/programs/ac6/systemworkbench/plugins/fr.ac6.mcu.externaltools.arm-none.win32_1.17.0.201812190825/tools/compiler/bin/../lib/gcc/arm-none-eabi/7.3.1/../../../../arm-none-eabi/lib/thumb/v6-m\libc.a(lib_a-init.o)
                              d:/programs/ac6/systemworkbench/plugins/fr.ac6.mcu.externaltools.arm-none.win32_1.17.0.201812190825/tools/compiler/bin/../lib/gcc/arm-none-eabi/7.3.1/../../../../arm-none-eabi/lib/thumb/v6-m/crt0.o (__libc_init_array)
d:/programs/ac6/systemworkbench/plugins/fr.ac6.mcu.externaltools.arm-none.win32_1.17.0.201812190825/tools/compiler/bin/../lib/gcc/arm-none-eabi/7.3.1/../../../../arm-none-eabi/lib/thumb/v6-m\libc.a(lib_a-memset.o)
                              d:/programs/ac6/systemworkbench/plugins/fr.ac6.mcu.externaltools.arm-none.win32_1.17.0.201812190825/tools/compiler/bin/../lib/gcc/arm-none-eabi/7.3.1/../../../../arm-none-eabi/lib/thumb/v6-m/crt0.o (memset)
d:/programs/ac6/systemworkbench/plugins/fr.ac6.mcu.externaltools.arm-none.win32_1.17.0.201812190825/tools/compiler/bin/../lib/gcc/arm-none-eabi/7.3.1/../../../../arm-none-eabi/lib/thumb/v6-m\libc.a(lib_a-__call_atexit.o)
                              d:/programs/ac6/systemworkbench/plugins/fr.ac6.mcu.externaltools.arm-none.win32_1.17.0.201812190825/tools/compiler/bin/../lib/gcc/arm-none-eabi/7.3.1/../../../../arm-none-eabi/lib/thumb/v6-m\libc.a(lib_a-exit.o) (__call_exitprocs)
d:/programs/ac6/systemworkbench/plugins/fr.ac6.mcu.externaltools.arm-none.win32_1.17.0.201812190825/tools/compiler/bin/../lib/gcc/arm-none-eabi/7.3.1/../../../../arm-none-eabi/lib/thumb/v6-m\libc.a(lib_a-atexit.o)
                              d:/programs/ac6/systemworkbench/plugins/fr.ac6.mcu.externaltools.arm-none.win32_1.17.0.201812190825/tools/compiler/bin/../lib/gcc/arm-none-eabi/7.3.1/../../../../arm-none-eabi/lib/thumb/v6-m\libc.a(lib_a-__call_atexit.o) (atexit)
d:/programs/ac6/systemworkbench/plugins/fr.ac6.mcu.externaltools.arm-none.win32_1.17.0.201812190825/tools/compiler/bin/../lib/gcc/arm-none-eabi/7.3.1/../../../../arm-none-eabi/lib/thumb/v6-m\libc.a(lib_a-fini.o)
                              d:/programs/ac6/systemworkbench/plugins/fr.ac6.mcu.externaltools.arm-none.win32_1.17.0.201812190825/tools/compiler/bin/../lib/gcc/arm-none-eabi/7.3.1/../../../../arm-none-eabi/lib/thumb/v6-m\libc.a(lib_a-__call_atexit.o) (__libc_fini_array)
d:/programs/ac6/systemworkbench/plugins/fr.ac6.mcu.externaltools.arm-none.win32_1.17.0.201812190825/tools/compiler/bin/../lib/gcc/arm-none-eabi/7.3.1/../../../../arm-none-eabi/lib/thumb/v6-m\libc.a(lib_a-lock.o)
                              d:/programs/ac6/systemworkbench/plugins/fr.ac6.mcu.externaltools.arm-none.win32_1.17.0.201812190825/tools/compiler/bin/../lib/gcc/arm-none-eabi/7.3.1/../../../../arm-none-eabi/lib/thumb/v6-m\libc.a(lib_a-__call_atexit.o) (__retarget_lock_acquire_recursive)
d:/programs/ac6/systemworkbench/plugins/fr.ac6.mcu.externaltools.arm-none.win32_1.17.0.201812190825/tools/compiler/bin/../lib/gcc/arm-none-eabi/7.3.1/../../../../arm-none-eabi/lib/thumb/v6-m\libc.a(lib_a-__atexit.o)
                              d:/programs/ac6/systemworkbench/plugins/fr.ac6.mcu.externaltools.arm-none.win32_1.17.0.201812190825/tools/compiler/bin/../lib/gcc/arm-none-eabi/7.3.1/../../../../arm-none-eabi/lib/thumb/v6-m\libc.a(lib_a-atexit.o) (__register_exitproc)

Allocating common symbols
Common symbol       size              file

__lock___atexit_recursive_mutex
                    0x1               d:/programs/ac6/systemworkbench/plugins/fr.ac6.mcu.externaltools.arm-none.win32_1.17.0.201812190825/tools/compiler/bin/../lib/gcc/arm-none-eabi/7.3.1/../../../../arm-none-eabi/lib/thumb/v6-m\libc.a(lib_a-lock.o)
__lock___arc4random_mutex
                    0x1               d:/programs/ac6/systemworkbench/plugins/fr.ac6.mcu.externaltools.arm-none.win32_1.17.0.201812190825/tools/compiler/bin/../lib/gcc/arm-none-eabi/7.3.1/../../../../arm-none-eabi/lib/thumb/v6-m\libc.a(lib_a-lock.o)
param               0x14              src/main.o
buff                0x100             src/progger.o
__lock___env_recursive_mutex
                    0x1               d:/programs/ac6/systemworkbench/plugins/fr.ac6.mcu.externaltools.arm-none.win32_1.17.0.201812190825/tools/compiler/bin/../lib/gcc/arm-none-eabi/7.3.1/../../../../arm-none-eabi/lib/thumb/v6-m\libc.a(lib_a-lock.o)
__lock___sinit_recursive_mutex
                    0x1               d:/programs/ac6/systemworkbench/plugins/fr.ac6.mcu.externaltools.arm-none.win32_1.17.0.201812190825/tools/compiler/bin/../lib/gcc/arm-none-eabi/7.3.1/../../../../arm-none-eabi/lib/thumb/v6-m\libc.a(lib_a-lock.o)
__lock___malloc_recursive_mutex
                    0x1               d:/programs/ac6/systemworkbench/plugins/fr.ac6.mcu.externaltools.arm-none.win32_1.17.0.201812190825/tools/compiler/bin/../lib/gcc/arm-none-eabi/7.3.1/../../../../arm-none-eabi/lib/thumb/v6-m\libc.a(lib_a-lock.o)
__lock___at_quick_exit_mutex
                    0x1               d:/programs/ac6/systemworkbench/plugins/fr.ac6.mcu.externaltools.arm-none.win32_1.17.0.201812190825/tools/compiler/bin/../lib/gcc/arm-none-eabi/7.3.1/../../../../arm-none-eabi/lib/thumb/v6-m\libc.a(lib_a-lock.o)
exchange            0x100             src/main.o
__lock___dd_hash_mutex
                    0x1               d:/programs/ac6/systemworkbench/plugins/fr.ac6.mcu.externaltools.arm-none.win32_1.17.0.201812190825/tools/compiler/bin/../lib/gcc/arm-none-eabi/7.3.1/../../../../arm-none-eabi/lib/thumb/v6-m\libc.a(lib_a-lock.o)
__lock___tz_mutex   0x1               d:/programs/ac6/systemworkbench/plugins/fr.ac6.mcu.externaltools.arm-none.win32_1.17.0.201812190825/tools/compiler/bin/../lib/gcc/arm-none-eabi/7.3.1/../../../../arm-none-eabi/lib/thumb/v6-m\libc.a(lib_a-lock.o)
here                0x4               src/progger.o
__lock___sfp_recursive_mutex
                    0x1               d:/programs/ac6/systemworkbench/plugins/fr.ac6.mcu.externaltools.arm-none.win32_1.17.0.201812190825/tools/compiler/bin/../lib/gcc/arm-none-eabi/7.3.1/../../../../arm-none-eabi/lib/thumb/v6-m\libc.a(lib_a-lock.o)

Discarded input sections

 .text          0x00000000        0x0 d:/programs/ac6/systemworkbench/plugins/fr.ac6.mcu.externaltools.arm-none.win32_1.17.0.201812190825/tools/compiler/bin/../lib/gcc/arm-none-eabi/7.3.1/thumb/v6-m/crti.o
 .data          0x00000000        0x0 d:/programs/ac6/systemworkbench/plugins/fr.ac6.mcu.externaltools.arm-none.win32_1.17.0.201812190825/tools/compiler/bin/../lib/gcc/arm-none-eabi/7.3.1/thumb/v6-m/crti.o
 .bss           0x00000000        0x0 d:/programs/ac6/systemworkbench/plugins/fr.ac6.mcu.externaltools.arm-none.win32_1.17.0.201812190825/tools/compiler/bin/../lib/gcc/arm-none-eabi/7.3.1/thumb/v6-m/crti.o
 .data          0x00000000        0x4 d:/programs/ac6/systemworkbench/plugins/fr.ac6.mcu.externaltools.arm-none.win32_1.17.0.201812190825/tools/compiler/bin/../lib/gcc/arm-none-eabi/7.3.1/thumb/v6-m/crtbegin.o
 .text          0x00000000       0x78 d:/programs/ac6/systemworkbench/plugins/fr.ac6.mcu.externaltools.arm-none.win32_1.17.0.201812190825/tools/compiler/bin/../lib/gcc/arm-none-eabi/7.3.1/../../../../arm-none-eabi/lib/thumb/v6-m/crt0.o
 .data          0x00000000        0x0 d:/programs/ac6/systemworkbench/plugins/fr.ac6.mcu.externaltools.arm-none.win32_1.17.0.201812190825/tools/compiler/bin/../lib/gcc/arm-none-eabi/7.3.1/../../../../arm-none-eabi/lib/thumb/v6-m/crt0.o
 .bss           0x00000000        0x0 d:/programs/ac6/systemworkbench/plugins/fr.ac6.mcu.externaltools.arm-none.win32_1.17.0.201812190825/tools/compiler/bin/../lib/gcc/arm-none-eabi/7.3.1/../../../../arm-none-eabi/lib/thumb/v6-m/crt0.o
 .ARM.extab     0x00000000        0x0 d:/programs/ac6/systemworkbench/plugins/fr.ac6.mcu.externaltools.arm-none.win32_1.17.0.201812190825/tools/compiler/bin/../lib/gcc/arm-none-eabi/7.3.1/../../../../arm-none-eabi/lib/thumb/v6-m/crt0.o
 .ARM.exidx     0x00000000        0x8 d:/programs/ac6/systemworkbench/plugins/fr.ac6.mcu.externaltools.arm-none.win32_1.17.0.201812190825/tools/compiler/bin/../lib/gcc/arm-none-eabi/7.3.1/../../../../arm-none-eabi/lib/thumb/v6-m/crt0.o
 .ARM.attributes
                0x00000000       0x1b d:/programs/ac6/systemworkbench/plugins/fr.ac6.mcu.externaltools.arm-none.win32_1.17.0.201812190825/tools/compiler/bin/../lib/gcc/arm-none-eabi/7.3.1/../../../../arm-none-eabi/lib/thumb/v6-m/crt0.o
 .group         0x00000000        0xc src/delay.o
 .group         0x00000000        0xc src/delay.o
 .group         0x00000000        0xc src/delay.o
 .group         0x00000000        0xc src/delay.o
 .group         0x00000000        0xc src/delay.o
 .group         0x00000000        0xc src/delay.o
 .group         0x00000000        0xc src/delay.o
 .group         0x00000000        0xc src/delay.o
 .group         0x00000000        0xc src/delay.o
 .group         0x00000000        0xc src/delay.o
 .group         0x00000000        0xc src/delay.o
 .group         0x00000000        0xc src/delay.o
 .text          0x00000000        0x0 src/delay.o
 .data          0x00000000        0x0 src/delay.o
 .bss           0x00000000        0x0 src/delay.o
 .group         0x00000000        0xc src/main.o
 .group         0x00000000        0xc src/main.o
 .group         0x00000000        0xc src/main.o
 .group         0x00000000        0xc src/main.o
 .group         0x00000000        0xc src/main.o
 .group         0x00000000        0xc src/main.o
 .group         0x00000000        0xc src/main.o
 .group         0x00000000        0xc src/main.o
 .group         0x00000000        0xc src/main.o
 .group         0x00000000        0xc src/main.o
 .group         0x00000000        0xc src/main.o
 .group         0x00000000        0xc src/main.o
 .group         0x00000000        0xc src/main.o
 .group         0x00000000        0xc src/main.o
 .text          0x00000000        0x0 src/main.o
 .data          0x00000000        0x0 src/main.o
 .debug_macro   0x00000000      0xa4e src/main.o
 .debug_macro   0x00000000       0x87 src/main.o
 .debug_macro   0x00000000       0x3a src/main.o
 .debug_macro   0x00000000       0x22 src/main.o
 .debug_macro   0x00000000       0x8e src/main.o
 .debug_macro   0x00000000       0x51 src/main.o
 .debug_macro   0x00000000       0xef src/main.o
 .debug_macro   0x00000000       0x6a src/main.o
 .debug_macro   0x00000000      0x1df src/main.o
 .debug_macro   0x00000000       0x1f src/main.o
 .debug_macro   0x00000000      0x242 src/main.o
 .debug_macro   0x00000000     0x62f2 src/main.o
 .group         0x00000000        0xc src/progger.o
 .group         0x00000000        0xc src/progger.o
 .group         0x00000000        0xc src/progger.o
 .group         0x00000000        0xc src/progger.o
 .group         0x00000000        0xc src/progger.o
 .group         0x00000000        0xc src/progger.o
 .group         0x00000000        0xc src/progger.o
 .group         0x00000000        0xc src/progger.o
 .group         0x00000000        0xc src/progger.o
 .group         0x00000000        0xc src/progger.o
 .group         0x00000000        0xc src/progger.o
 .group         0x00000000        0xc src/progger.o
 .group         0x00000000        0xc src/progger.o
 .group         0x00000000        0xc src/progger.o
 .text          0x00000000        0x0 src/progger.o
 .data          0x00000000        0x0 src/progger.o
 .debug_macro   0x00000000      0xa4e src/progger.o
 .debug_macro   0x00000000       0x87 src/progger.o
 .debug_macro   0x00000000       0x3a src/progger.o
 .debug_macro   0x00000000       0x22 src/progger.o
 .debug_macro   0x00000000       0x8e src/progger.o
 .debug_macro   0x00000000       0x51 src/progger.o
 .debug_macro   0x00000000       0xef src/progger.o
 .debug_macro   0x00000000       0x6a src/progger.o
 .debug_macro   0x00000000      0x1df src/progger.o
 .debug_macro   0x00000000       0x1f src/progger.o
 .debug_macro   0x00000000      0x242 src/progger.o
 .debug_macro   0x00000000     0x62f2 src/progger.o
 .debug_macro   0x00000000       0x10 src/progger.o
 .debug_macro   0x00000000       0xb2 src/progger.o
 .group         0x00000000        0xc src/rcc.o
 .group         0x00000000        0xc src/rcc.o
 .group         0x00000000        0xc src/rcc.o
 .group         0x00000000        0xc src/rcc.o
 .group         0x00000000        0xc src/rcc.o
 .group         0x00000000        0xc src/rcc.o
 .group         0x00000000        0xc src/rcc.o
 .group         0x00000000        0xc src/rcc.o
 .group         0x00000000        0xc src/rcc.o
 .group         0x00000000        0xc src/rcc.o
 .group         0x00000000        0xc src/rcc.o
 .group         0x00000000        0xc src/rcc.o
 .text          0x00000000        0x0 src/rcc.o
 .data          0x00000000        0x0 src/rcc.o
 .bss           0x00000000        0x0 src/rcc.o
 .debug_macro   0x00000000      0xa4e src/rcc.o
 .debug_macro   0x00000000       0x87 src/rcc.o
 .debug_macro   0x00000000       0x3a src/rcc.o
 .debug_macro   0x00000000       0x22 src/rcc.o
 .debug_macro   0x00000000       0x8e src/rcc.o
 .debug_macro   0x00000000       0x51 src/rcc.o
 .debug_macro   0x00000000       0xef src/rcc.o
 .debug_macro   0x00000000       0x6a src/rcc.o
 .debug_macro   0x00000000      0x1df src/rcc.o
 .debug_macro   0x00000000       0x1f src/rcc.o
 .debug_macro   0x00000000      0x242 src/rcc.o
 .debug_macro   0x00000000     0x62f2 src/rcc.o
 .group         0x00000000        0xc src/spi.o
 .group         0x00000000        0xc src/spi.o
 .group         0x00000000        0xc src/spi.o
 .group         0x00000000        0xc src/spi.o
 .group         0x00000000        0xc src/spi.o
 .group         0x00000000        0xc src/spi.o
 .group         0x00000000        0xc src/spi.o
 .group         0x00000000        0xc src/spi.o
 .group         0x00000000        0xc src/spi.o
 .group         0x00000000        0xc src/spi.o
 .group         0x00000000        0xc src/spi.o
 .group         0x00000000        0xc src/spi.o
 .text          0x00000000        0x0 src/spi.o
 .data          0x00000000        0x0 src/spi.o
 .bss           0x00000000        0x0 src/spi.o
 .debug_macro   0x00000000      0xa4e src/spi.o
 .debug_macro   0x00000000       0x87 src/spi.o
 .debug_macro   0x00000000       0x3a src/spi.o
 .debug_macro   0x00000000       0x22 src/spi.o
 .debug_macro   0x00000000       0x8e src/spi.o
 .debug_macro   0x00000000       0x51 src/spi.o
 .debug_macro   0x00000000       0xef src/spi.o
 .debug_macro   0x00000000       0x6a src/spi.o
 .debug_macro   0x00000000      0x1df src/spi.o
 .debug_macro   0x00000000       0x1f src/spi.o
 .debug_macro   0x00000000      0x242 src/spi.o
 .debug_macro   0x00000000     0x62f2 src/spi.o
 .group         0x00000000        0xc src/uart.o
 .group         0x00000000        0xc src/uart.o
 .group         0x00000000        0xc src/uart.o
 .group         0x00000000        0xc src/uart.o
 .group         0x00000000        0xc src/uart.o
 .group         0x00000000        0xc src/uart.o
 .group         0x00000000        0xc src/uart.o
 .group         0x00000000        0xc src/uart.o
 .group         0x00000000        0xc src/uart.o
 .group         0x00000000        0xc src/uart.o
 .group         0x00000000        0xc src/uart.o
 .group         0x00000000        0xc src/uart.o
 .text          0x00000000        0x0 src/uart.o
 .data          0x00000000        0x0 src/uart.o
 .bss           0x00000000        0x0 src/uart.o
 .debug_macro   0x00000000      0xa4e src/uart.o
 .debug_macro   0x00000000       0x87 src/uart.o
 .debug_macro   0x00000000       0x3a src/uart.o
 .debug_macro   0x00000000       0x22 src/uart.o
 .debug_macro   0x00000000       0x8e src/uart.o
 .debug_macro   0x00000000       0x51 src/uart.o
 .debug_macro   0x00000000       0xef src/uart.o
 .debug_macro   0x00000000       0x6a src/uart.o
 .debug_macro   0x00000000      0x1df src/uart.o
 .debug_macro   0x00000000       0x1f src/uart.o
 .debug_macro   0x00000000      0x242 src/uart.o
 .debug_macro   0x00000000     0x62f2 src/uart.o
 .text          0x00000000       0x14 startup/startup_stm32.o
 .data          0x00000000        0x0 startup/startup_stm32.o
 .bss           0x00000000        0x0 startup/startup_stm32.o
 .group         0x00000000        0xc startup/sysmem.o
 .group         0x00000000        0xc startup/sysmem.o
 .group         0x00000000        0xc startup/sysmem.o
 .group         0x00000000        0xc startup/sysmem.o
 .group         0x00000000        0xc startup/sysmem.o
 .group         0x00000000        0xc startup/sysmem.o
 .group         0x00000000        0xc startup/sysmem.o
 .group         0x00000000        0xc startup/sysmem.o
 .group         0x00000000        0xc startup/sysmem.o
 .group         0x00000000        0xc startup/sysmem.o
 .group         0x00000000        0xc startup/sysmem.o
 .group         0x00000000        0xc startup/sysmem.o
 .group         0x00000000        0xc startup/sysmem.o
 .group         0x00000000        0xc startup/sysmem.o
 .group         0x00000000        0xc startup/sysmem.o
 .group         0x00000000        0xc startup/sysmem.o
 .group         0x00000000        0xc startup/sysmem.o
 .group         0x00000000        0xc startup/sysmem.o
 .group         0x00000000        0xc startup/sysmem.o
 .group         0x00000000        0xc startup/sysmem.o
 .group         0x00000000        0xc startup/sysmem.o
 .group         0x00000000        0xc startup/sysmem.o
 .group         0x00000000        0xc startup/sysmem.o
 .group         0x00000000        0xc startup/sysmem.o
 .group         0x00000000        0xc startup/sysmem.o
 .group         0x00000000        0xc startup/sysmem.o
 .group         0x00000000        0xc startup/sysmem.o
 .group         0x00000000        0xc startup/sysmem.o
 .group         0x00000000        0xc startup/sysmem.o
 .group         0x00000000        0xc startup/sysmem.o
 .group         0x00000000        0xc startup/sysmem.o
 .group         0x00000000        0xc startup/sysmem.o
 .text          0x00000000        0x0 startup/sysmem.o
 .data          0x00000000        0x0 startup/sysmem.o
 .bss           0x00000000        0x4 startup/sysmem.o
 .text._sbrk    0x00000000       0x58 startup/sysmem.o
 .debug_info    0x00000000      0x92c startup/sysmem.o
 .debug_abbrev  0x00000000      0x1f1 startup/sysmem.o
 .debug_aranges
                0x00000000       0x20 startup/sysmem.o
 .debug_ranges  0x00000000       0x10 startup/sysmem.o
 .debug_macro   0x00000000      0x1ae startup/sysmem.o
 .debug_macro   0x00000000      0xa4e startup/sysmem.o
 .debug_macro   0x00000000       0x10 startup/sysmem.o
 .debug_macro   0x00000000       0x22 startup/sysmem.o
 .debug_macro   0x00000000       0x58 startup/sysmem.o
 .debug_macro   0x00000000       0x18 startup/sysmem.o
 .debug_macro   0x00000000       0x94 startup/sysmem.o
 .debug_macro   0x00000000       0x35 startup/sysmem.o
 .debug_macro   0x00000000       0x34 startup/sysmem.o
 .debug_macro   0x00000000      0x174 startup/sysmem.o
 .debug_macro   0x00000000       0x57 startup/sysmem.o
 .debug_macro   0x00000000       0x58 startup/sysmem.o
 .debug_macro   0x00000000       0x1f startup/sysmem.o
 .debug_macro   0x00000000       0x43 startup/sysmem.o
 .debug_macro   0x00000000       0x20 startup/sysmem.o
 .debug_macro   0x00000000      0x18e startup/sysmem.o
 .debug_macro   0x00000000      0x23b startup/sysmem.o
 .debug_macro   0x00000000       0x16 startup/sysmem.o
 .debug_macro   0x00000000       0x35 startup/sysmem.o
 .debug_macro   0x00000000      0x330 startup/sysmem.o
 .debug_macro   0x00000000       0x10 startup/sysmem.o
 .debug_macro   0x00000000       0x10 startup/sysmem.o
 .debug_macro   0x00000000       0x6a startup/sysmem.o
 .debug_macro   0x00000000       0x1c startup/sysmem.o
 .debug_macro   0x00000000       0x52 startup/sysmem.o
 .debug_macro   0x00000000       0x40 startup/sysmem.o
 .debug_macro   0x00000000       0x10 startup/sysmem.o
 .debug_macro   0x00000000       0x40 startup/sysmem.o
 .debug_macro   0x00000000       0xd7 startup/sysmem.o
 .debug_macro   0x00000000       0x1c startup/sysmem.o
 .debug_macro   0x00000000       0x3d startup/sysmem.o
 .debug_macro   0x00000000       0x16 startup/sysmem.o
 .debug_macro   0x00000000      0x16f startup/sysmem.o
 .debug_line    0x00000000      0x40a startup/sysmem.o
 .debug_str     0x00000000     0x76f0 startup/sysmem.o
 .comment       0x00000000       0x80 startup/sysmem.o
 .debug_frame   0x00000000       0x30 startup/sysmem.o
 .ARM.attributes
                0x00000000       0x31 startup/sysmem.o
 .text          0x00000000        0x0 d:/programs/ac6/systemworkbench/plugins/fr.ac6.mcu.externaltools.arm-none.win32_1.17.0.201812190825/tools/compiler/bin/../lib/gcc/arm-none-eabi/7.3.1/../../../../arm-none-eabi/lib/thumb/v6-m\libc.a(lib_a-errno.o)
 .data          0x00000000        0x0 d:/programs/ac6/systemworkbench/plugins/fr.ac6.mcu.externaltools.arm-none.win32_1.17.0.201812190825/tools/compiler/bin/../lib/gcc/arm-none-eabi/7.3.1/../../../../arm-none-eabi/lib/thumb/v6-m\libc.a(lib_a-errno.o)
 .bss           0x00000000        0x0 d:/programs/ac6/systemworkbench/plugins/fr.ac6.mcu.externaltools.arm-none.win32_1.17.0.201812190825/tools/compiler/bin/../lib/gcc/arm-none-eabi/7.3.1/../../../../arm-none-eabi/lib/thumb/v6-m\libc.a(lib_a-errno.o)
 .text.__errno  0x00000000        0xc d:/programs/ac6/systemworkbench/plugins/fr.ac6.mcu.externaltools.arm-none.win32_1.17.0.201812190825/tools/compiler/bin/../lib/gcc/arm-none-eabi/7.3.1/../../../../arm-none-eabi/lib/thumb/v6-m\libc.a(lib_a-errno.o)
 .debug_frame   0x00000000       0x20 d:/programs/ac6/systemworkbench/plugins/fr.ac6.mcu.externaltools.arm-none.win32_1.17.0.201812190825/tools/compiler/bin/../lib/gcc/arm-none-eabi/7.3.1/../../../../arm-none-eabi/lib/thumb/v6-m\libc.a(lib_a-errno.o)
 .ARM.attributes
                0x00000000       0x2c d:/programs/ac6/systemworkbench/plugins/fr.ac6.mcu.externaltools.arm-none.win32_1.17.0.201812190825/tools/compiler/bin/../lib/gcc/arm-none-eabi/7.3.1/../../../../arm-none-eabi/lib/thumb/v6-m\libc.a(lib_a-errno.o)
 .text          0x00000000        0x0 d:/programs/ac6/systemworkbench/plugins/fr.ac6.mcu.externaltools.arm-none.win32_1.17.0.201812190825/tools/compiler/bin/../lib/gcc/arm-none-eabi/7.3.1/../../../../arm-none-eabi/lib/thumb/v6-m\libc.a(lib_a-exit.o)
 .data          0x00000000        0x0 d:/programs/ac6/systemworkbench/plugins/fr.ac6.mcu.externaltools.arm-none.win32_1.17.0.201812190825/tools/compiler/bin/../lib/gcc/arm-none-eabi/7.3.1/../../../../arm-none-eabi/lib/thumb/v6-m\libc.a(lib_a-exit.o)
 .bss           0x00000000        0x0 d:/programs/ac6/systemworkbench/plugins/fr.ac6.mcu.externaltools.arm-none.win32_1.17.0.201812190825/tools/compiler/bin/../lib/gcc/arm-none-eabi/7.3.1/../../../../arm-none-eabi/lib/thumb/v6-m\libc.a(lib_a-exit.o)
 .text.exit     0x00000000       0x20 d:/programs/ac6/systemworkbench/plugins/fr.ac6.mcu.externaltools.arm-none.win32_1.17.0.201812190825/tools/compiler/bin/../lib/gcc/arm-none-eabi/7.3.1/../../../../arm-none-eabi/lib/thumb/v6-m\libc.a(lib_a-exit.o)
 .debug_frame   0x00000000       0x28 d:/programs/ac6/systemworkbench/plugins/fr.ac6.mcu.externaltools.arm-none.win32_1.17.0.201812190825/tools/compiler/bin/../lib/gcc/arm-none-eabi/7.3.1/../../../../arm-none-eabi/lib/thumb/v6-m\libc.a(lib_a-exit.o)
 .ARM.attributes
                0x00000000       0x2c d:/programs/ac6/systemworkbench/plugins/fr.ac6.mcu.externaltools.arm-none.win32_1.17.0.201812190825/tools/compiler/bin/../lib/gcc/arm-none-eabi/7.3.1/../../../../arm-none-eabi/lib/thumb/v6-m\libc.a(lib_a-exit.o)
 .text          0x00000000        0x0 d:/programs/ac6/systemworkbench/plugins/fr.ac6.mcu.externaltools.arm-none.win32_1.17.0.201812190825/tools/compiler/bin/../lib/gcc/arm-none-eabi/7.3.1/../../../../arm-none-eabi/lib/thumb/v6-m\libc.a(lib_a-impure.o)
 .data          0x00000000        0x0 d:/programs/ac6/systemworkbench/plugins/fr.ac6.mcu.externaltools.arm-none.win32_1.17.0.201812190825/tools/compiler/bin/../lib/gcc/arm-none-eabi/7.3.1/../../../../arm-none-eabi/lib/thumb/v6-m\libc.a(lib_a-impure.o)
 .bss           0x00000000        0x0 d:/programs/ac6/systemworkbench/plugins/fr.ac6.mcu.externaltools.arm-none.win32_1.17.0.201812190825/tools/compiler/bin/../lib/gcc/arm-none-eabi/7.3.1/../../../../arm-none-eabi/lib/thumb/v6-m\libc.a(lib_a-impure.o)
 .data._impure_ptr
                0x00000000        0x4 d:/programs/ac6/systemworkbench/plugins/fr.ac6.mcu.externaltools.arm-none.win32_1.17.0.201812190825/tools/compiler/bin/../lib/gcc/arm-none-eabi/7.3.1/../../../../arm-none-eabi/lib/thumb/v6-m\libc.a(lib_a-impure.o)
 .text          0x00000000        0x0 d:/programs/ac6/systemworkbench/plugins/fr.ac6.mcu.externaltools.arm-none.win32_1.17.0.201812190825/tools/compiler/bin/../lib/gcc/arm-none-eabi/7.3.1/../../../../arm-none-eabi/lib/thumb/v6-m\libc.a(lib_a-init.o)
 .data          0x00000000        0x0 d:/programs/ac6/systemworkbench/plugins/fr.ac6.mcu.externaltools.arm-none.win32_1.17.0.201812190825/tools/compiler/bin/../lib/gcc/arm-none-eabi/7.3.1/../../../../arm-none-eabi/lib/thumb/v6-m\libc.a(lib_a-init.o)
 .bss           0x00000000        0x0 d:/programs/ac6/systemworkbench/plugins/fr.ac6.mcu.externaltools.arm-none.win32_1.17.0.201812190825/tools/compiler/bin/../lib/gcc/arm-none-eabi/7.3.1/../../../../arm-none-eabi/lib/thumb/v6-m\libc.a(lib_a-init.o)
 .text          0x00000000        0x0 d:/programs/ac6/systemworkbench/plugins/fr.ac6.mcu.externaltools.arm-none.win32_1.17.0.201812190825/tools/compiler/bin/../lib/gcc/arm-none-eabi/7.3.1/../../../../arm-none-eabi/lib/thumb/v6-m\libc.a(lib_a-memset.o)
 .data          0x00000000        0x0 d:/programs/ac6/systemworkbench/plugins/fr.ac6.mcu.externaltools.arm-none.win32_1.17.0.201812190825/tools/compiler/bin/../lib/gcc/arm-none-eabi/7.3.1/../../../../arm-none-eabi/lib/thumb/v6-m\libc.a(lib_a-memset.o)
 .bss           0x00000000        0x0 d:/programs/ac6/systemworkbench/plugins/fr.ac6.mcu.externaltools.arm-none.win32_1.17.0.201812190825/tools/compiler/bin/../lib/gcc/arm-none-eabi/7.3.1/../../../../arm-none-eabi/lib/thumb/v6-m\libc.a(lib_a-memset.o)
 .text.memset   0x00000000       0x9c d:/programs/ac6/systemworkbench/plugins/fr.ac6.mcu.externaltools.arm-none.win32_1.17.0.201812190825/tools/compiler/bin/../lib/gcc/arm-none-eabi/7.3.1/../../../../arm-none-eabi/lib/thumb/v6-m\libc.a(lib_a-memset.o)
 .debug_frame   0x00000000       0x30 d:/programs/ac6/systemworkbench/plugins/fr.ac6.mcu.externaltools.arm-none.win32_1.17.0.201812190825/tools/compiler/bin/../lib/gcc/arm-none-eabi/7.3.1/../../../../arm-none-eabi/lib/thumb/v6-m\libc.a(lib_a-memset.o)
 .ARM.attributes
                0x00000000       0x2c d:/programs/ac6/systemworkbench/plugins/fr.ac6.mcu.externaltools.arm-none.win32_1.17.0.201812190825/tools/compiler/bin/../lib/gcc/arm-none-eabi/7.3.1/../../../../arm-none-eabi/lib/thumb/v6-m\libc.a(lib_a-memset.o)
 .text          0x00000000        0x0 d:/programs/ac6/systemworkbench/plugins/fr.ac6.mcu.externaltools.arm-none.win32_1.17.0.201812190825/tools/compiler/bin/../lib/gcc/arm-none-eabi/7.3.1/../../../../arm-none-eabi/lib/thumb/v6-m\libc.a(lib_a-__call_atexit.o)
 .data          0x00000000        0x0 d:/programs/ac6/systemworkbench/plugins/fr.ac6.mcu.externaltools.arm-none.win32_1.17.0.201812190825/tools/compiler/bin/../lib/gcc/arm-none-eabi/7.3.1/../../../../arm-none-eabi/lib/thumb/v6-m\libc.a(lib_a-__call_atexit.o)
 .bss           0x00000000        0x0 d:/programs/ac6/systemworkbench/plugins/fr.ac6.mcu.externaltools.arm-none.win32_1.17.0.201812190825/tools/compiler/bin/../lib/gcc/arm-none-eabi/7.3.1/../../../../arm-none-eabi/lib/thumb/v6-m\libc.a(lib_a-__call_atexit.o)
 .text.__call_exitprocs
                0x00000000      0x118 d:/programs/ac6/systemworkbench/plugins/fr.ac6.mcu.externaltools.arm-none.win32_1.17.0.201812190825/tools/compiler/bin/../lib/gcc/arm-none-eabi/7.3.1/../../../../arm-none-eabi/lib/thumb/v6-m\libc.a(lib_a-__call_atexit.o)
 .text          0x00000000        0x0 d:/programs/ac6/systemworkbench/plugins/fr.ac6.mcu.externaltools.arm-none.win32_1.17.0.201812190825/tools/compiler/bin/../lib/gcc/arm-none-eabi/7.3.1/../../../../arm-none-eabi/lib/thumb/v6-m\libc.a(lib_a-atexit.o)
 .data          0x00000000        0x0 d:/programs/ac6/systemworkbench/plugins/fr.ac6.mcu.externaltools.arm-none.win32_1.17.0.201812190825/tools/compiler/bin/../lib/gcc/arm-none-eabi/7.3.1/../../../../arm-none-eabi/lib/thumb/v6-m\libc.a(lib_a-atexit.o)
 .bss           0x00000000        0x0 d:/programs/ac6/systemworkbench/plugins/fr.ac6.mcu.externaltools.arm-none.win32_1.17.0.201812190825/tools/compiler/bin/../lib/gcc/arm-none-eabi/7.3.1/../../../../arm-none-eabi/lib/thumb/v6-m\libc.a(lib_a-atexit.o)
 .text          0x00000000        0x0 d:/programs/ac6/systemworkbench/plugins/fr.ac6.mcu.externaltools.arm-none.win32_1.17.0.201812190825/tools/compiler/bin/../lib/gcc/arm-none-eabi/7.3.1/../../../../arm-none-eabi/lib/thumb/v6-m\libc.a(lib_a-fini.o)
 .data          0x00000000        0x0 d:/programs/ac6/systemworkbench/plugins/fr.ac6.mcu.externaltools.arm-none.win32_1.17.0.201812190825/tools/compiler/bin/../lib/gcc/arm-none-eabi/7.3.1/../../../../arm-none-eabi/lib/thumb/v6-m\libc.a(lib_a-fini.o)
 .bss           0x00000000        0x0 d:/programs/ac6/systemworkbench/plugins/fr.ac6.mcu.externaltools.arm-none.win32_1.17.0.201812190825/tools/compiler/bin/../lib/gcc/arm-none-eabi/7.3.1/../../../../arm-none-eabi/lib/thumb/v6-m\libc.a(lib_a-fini.o)
 .text          0x00000000        0x0 d:/programs/ac6/systemworkbench/plugins/fr.ac6.mcu.externaltools.arm-none.win32_1.17.0.201812190825/tools/compiler/bin/../lib/gcc/arm-none-eabi/7.3.1/../../../../arm-none-eabi/lib/thumb/v6-m\libc.a(lib_a-lock.o)
 .data          0x00000000        0x0 d:/programs/ac6/systemworkbench/plugins/fr.ac6.mcu.externaltools.arm-none.win32_1.17.0.201812190825/tools/compiler/bin/../lib/gcc/arm-none-eabi/7.3.1/../../../../arm-none-eabi/lib/thumb/v6-m\libc.a(lib_a-lock.o)
 .bss           0x00000000        0x0 d:/programs/ac6/systemworkbench/plugins/fr.ac6.mcu.externaltools.arm-none.win32_1.17.0.201812190825/tools/compiler/bin/../lib/gcc/arm-none-eabi/7.3.1/../../../../arm-none-eabi/lib/thumb/v6-m\libc.a(lib_a-lock.o)
 .text.__retarget_lock_init
                0x00000000        0x4 d:/programs/ac6/systemworkbench/plugins/fr.ac6.mcu.externaltools.arm-none.win32_1.17.0.201812190825/tools/compiler/bin/../lib/gcc/arm-none-eabi/7.3.1/../../../../arm-none-eabi/lib/thumb/v6-m\libc.a(lib_a-lock.o)
 .text.__retarget_lock_init_recursive
                0x00000000        0x4 d:/programs/ac6/systemworkbench/plugins/fr.ac6.mcu.externaltools.arm-none.win32_1.17.0.201812190825/tools/compiler/bin/../lib/gcc/arm-none-eabi/7.3.1/../../../../arm-none-eabi/lib/thumb/v6-m\libc.a(lib_a-lock.o)
 .text.__retarget_lock_close
                0x00000000        0x4 d:/programs/ac6/systemworkbench/plugins/fr.ac6.mcu.externaltools.arm-none.win32_1.17.0.201812190825/tools/compiler/bin/../lib/gcc/arm-none-eabi/7.3.1/../../../../arm-none-eabi/lib/thumb/v6-m\libc.a(lib_a-lock.o)
 .text.__retarget_lock_close_recursive
                0x00000000        0x4 d:/programs/ac6/systemworkbench/plugins/fr.ac6.mcu.externaltools.arm-none.win32_1.17.0.201812190825/tools/compiler/bin/../lib/gcc/arm-none-eabi/7.3.1/../../../../arm-none-eabi/lib/thumb/v6-m\libc.a(lib_a-lock.o)
 .text.__retarget_lock_acquire
                0x00000000        0x4 d:/programs/ac6/systemworkbench/plugins/fr.ac6.mcu.externaltools.arm-none.win32_1.17.0.201812190825/tools/compiler/bin/../lib/gcc/arm-none-eabi/7.3.1/../../../../arm-none-eabi/lib/thumb/v6-m\libc.a(lib_a-lock.o)
 .text.__retarget_lock_try_acquire
                0x00000000        0x4 d:/programs/ac6/systemworkbench/plugins/fr.ac6.mcu.externaltools.arm-none.win32_1.17.0.201812190825/tools/compiler/bin/../lib/gcc/arm-none-eabi/7.3.1/../../../../arm-none-eabi/lib/thumb/v6-m\libc.a(lib_a-lock.o)
 .text.__retarget_lock_try_acquire_recursive
                0x00000000        0x4 d:/programs/ac6/systemworkbench/plugins/fr.ac6.mcu.externaltools.arm-none.win32_1.17.0.201812190825/tools/compiler/bin/../lib/gcc/arm-none-eabi/7.3.1/../../../../arm-none-eabi/lib/thumb/v6-m\libc.a(lib_a-lock.o)
 .text.__retarget_lock_release
                0x00000000        0x4 d:/programs/ac6/systemworkbench/plugins/fr.ac6.mcu.externaltools.arm-none.win32_1.17.0.201812190825/tools/compiler/bin/../lib/gcc/arm-none-eabi/7.3.1/../../../../arm-none-eabi/lib/thumb/v6-m\libc.a(lib_a-lock.o)
 .text          0x00000000        0x0 d:/programs/ac6/systemworkbench/plugins/fr.ac6.mcu.externaltools.arm-none.win32_1.17.0.201812190825/tools/compiler/bin/../lib/gcc/arm-none-eabi/7.3.1/../../../../arm-none-eabi/lib/thumb/v6-m\libc.a(lib_a-__atexit.o)
 .data          0x00000000        0x0 d:/programs/ac6/systemworkbench/plugins/fr.ac6.mcu.externaltools.arm-none.win32_1.17.0.201812190825/tools/compiler/bin/../lib/gcc/arm-none-eabi/7.3.1/../../../../arm-none-eabi/lib/thumb/v6-m\libc.a(lib_a-__atexit.o)
 .bss           0x00000000        0x0 d:/programs/ac6/systemworkbench/plugins/fr.ac6.mcu.externaltools.arm-none.win32_1.17.0.201812190825/tools/compiler/bin/../lib/gcc/arm-none-eabi/7.3.1/../../../../arm-none-eabi/lib/thumb/v6-m\libc.a(lib_a-__atexit.o)
 .text          0x00000000        0x0 d:/programs/ac6/systemworkbench/plugins/fr.ac6.mcu.externaltools.arm-none.win32_1.17.0.201812190825/tools/compiler/bin/../lib/gcc/arm-none-eabi/7.3.1/thumb/v6-m/crtend.o
 .data          0x00000000        0x0 d:/programs/ac6/systemworkbench/plugins/fr.ac6.mcu.externaltools.arm-none.win32_1.17.0.201812190825/tools/compiler/bin/../lib/gcc/arm-none-eabi/7.3.1/thumb/v6-m/crtend.o
 .bss           0x00000000        0x0 d:/programs/ac6/systemworkbench/plugins/fr.ac6.mcu.externaltools.arm-none.win32_1.17.0.201812190825/tools/compiler/bin/../lib/gcc/arm-none-eabi/7.3.1/thumb/v6-m/crtend.o
 .eh_frame      0x00000000        0x4 d:/programs/ac6/systemworkbench/plugins/fr.ac6.mcu.externaltools.arm-none.win32_1.17.0.201812190825/tools/compiler/bin/../lib/gcc/arm-none-eabi/7.3.1/thumb/v6-m/crtend.o
 .ARM.attributes
                0x00000000       0x2c d:/programs/ac6/systemworkbench/plugins/fr.ac6.mcu.externaltools.arm-none.win32_1.17.0.201812190825/tools/compiler/bin/../lib/gcc/arm-none-eabi/7.3.1/thumb/v6-m/crtend.o
 .text          0x00000000        0x0 d:/programs/ac6/systemworkbench/plugins/fr.ac6.mcu.externaltools.arm-none.win32_1.17.0.201812190825/tools/compiler/bin/../lib/gcc/arm-none-eabi/7.3.1/thumb/v6-m/crtn.o
 .data          0x00000000        0x0 d:/programs/ac6/systemworkbench/plugins/fr.ac6.mcu.externaltools.arm-none.win32_1.17.0.201812190825/tools/compiler/bin/../lib/gcc/arm-none-eabi/7.3.1/thumb/v6-m/crtn.o
 .bss           0x00000000        0x0 d:/programs/ac6/systemworkbench/plugins/fr.ac6.mcu.externaltools.arm-none.win32_1.17.0.201812190825/tools/compiler/bin/../lib/gcc/arm-none-eabi/7.3.1/thumb/v6-m/crtn.o

Memory Configuration

Name             Origin             Length             Attributes
RAM              0x20000000         0x00001000         xrw
ROM              0x08000000         0x00008000         xr
*default*        0x00000000         0xffffffff

Linker script and memory map

LOAD d:/programs/ac6/systemworkbench/plugins/fr.ac6.mcu.externaltools.arm-none.win32_1.17.0.201812190825/tools/compiler/bin/../lib/gcc/arm-none-eabi/7.3.1/thumb/v6-m/crti.o
LOAD d:/programs/ac6/systemworkbench/plugins/fr.ac6.mcu.externaltools.arm-none.win32_1.17.0.201812190825/tools/compiler/bin/../lib/gcc/arm-none-eabi/7.3.1/thumb/v6-m/crtbegin.o
LOAD d:/programs/ac6/systemworkbench/plugins/fr.ac6.mcu.externaltools.arm-none.win32_1.17.0.201812190825/tools/compiler/bin/../lib/gcc/arm-none-eabi/7.3.1/../../../../arm-none-eabi/lib/thumb/v6-m/crt0.o
LOAD src/delay.o
LOAD src/main.o
LOAD src/progger.o
LOAD src/rcc.o
LOAD src/spi.o
LOAD src/uart.o
LOAD startup/startup_stm32.o
LOAD startup/sysmem.o
LOAD d:/programs/ac6/systemworkbench/plugins/fr.ac6.mcu.externaltools.arm-none.win32_1.17.0.201812190825/tools/compiler/bin/../lib/gcc/arm-none-eabi/7.3.1/../../../../arm-none-eabi/lib/thumb/v6-m\libm.a
START GROUP
LOAD d:/programs/ac6/systemworkbench/plugins/fr.ac6.mcu.externaltools.arm-none.win32_1.17.0.201812190825/tools/compiler/bin/../lib/gcc/arm-none-eabi/7.3.1/thumb/v6-m\libgcc.a
LOAD d:/programs/ac6/systemworkbench/plugins/fr.ac6.mcu.externaltools.arm-none.win32_1.17.0.201812190825/tools/compiler/bin/../lib/gcc/arm-none-eabi/7.3.1/../../../../arm-none-eabi/lib/thumb/v6-m\libc.a
END GROUP
LOAD d:/programs/ac6/systemworkbench/plugins/fr.ac6.mcu.externaltools.arm-none.win32_1.17.0.201812190825/tools/compiler/bin/../lib/gcc/arm-none-eabi/7.3.1/thumb/v6-m/crtend.o
LOAD d:/programs/ac6/systemworkbench/plugins/fr.ac6.mcu.externaltools.arm-none.win32_1.17.0.201812190825/tools/compiler/bin/../lib/gcc/arm-none-eabi/7.3.1/thumb/v6-m/crtn.o
                0x20001000                _estack = 0x20001000
                0x00000000                _Min_Heap_Size = 0x0
                0x00000400                _Min_Stack_Size = 0x400

.isr_vector     0x08000000       0xc0
                0x08000000                . = ALIGN (0x4)
 *(.isr_vector)
 .isr_vector    0x08000000       0xc0 startup/startup_stm32.o
                0x08000000                g_pfnVectors
                0x080000c0                . = ALIGN (0x4)

.text           0x080000c0     0x1444
                0x080000c0                . = ALIGN (0x4)
 *(.text)
 .text          0x080000c0       0x48 d:/programs/ac6/systemworkbench/plugins/fr.ac6.mcu.externaltools.arm-none.win32_1.17.0.201812190825/tools/compiler/bin/../lib/gcc/arm-none-eabi/7.3.1/thumb/v6-m/crtbegin.o
 *(.text*)
 .text.delay_init
                0x08000108       0x30 src/delay.o
                0x08000108                delay_init
 .text._delay_ms
                0x08000138       0x5c src/delay.o
                0x08000138                _delay_ms
 .text._delay_us
                0x08000194       0x58 src/delay.o
                0x08000194                _delay_us
 .text.USART1_IRQHandler
                0x080001ec       0x3c src/main.o
                0x080001ec                USART1_IRQHandler
 .text.main     0x08000228       0x80 src/main.o
                0x08000228                main
 .text.setup    0x080002a8      0x128 src/progger.o
                0x080002a8                setup
 .text.pulse    0x080003d0       0xbc src/progger.o
                0x080003d0                pulse
 .text.reset_target
                0x0800048c       0x5c src/progger.o
                0x0800048c                reset_target
 .text.Serial_available
                0x080004e8       0x28 src/progger.o
                0x080004e8                Serial_available
 .text.getch    0x08000510       0x44 src/progger.o
                0x08000510                getch
 .text.fill     0x08000554       0x3c src/progger.o
                0x08000554                fill
 .text.prog_lamp
                0x08000590       0x3c src/progger.o
                0x08000590                prog_lamp
 .text.spi_transaction
                0x080005cc       0x58 src/progger.o
                0x080005cc                spi_transaction
 .text.empty_reply
                0x08000624       0x38 src/progger.o
                0x08000624                empty_reply
 .text.breply   0x0800065c       0x4c src/progger.o
                0x0800065c                breply
 .text.get_version
                0x080006a8       0x54 src/progger.o
                0x080006a8                get_version
 .text.set_parameters
                0x080006fc       0xe8 src/progger.o
                0x080006fc                set_parameters
 .text.start_pmode
                0x080007e4       0x8c src/progger.o
                0x080007e4                start_pmode
 .text.end_pmode
                0x08000870       0x3c src/progger.o
                0x08000870                end_pmode
 .text.universal
                0x080008ac       0x3c src/progger.o
                0x080008ac                universal
 .text.flash    0x080008e8       0x3c src/progger.o
                0x080008e8                flash
 .text.commit   0x08000924       0x46 src/progger.o
                0x08000924                commit
 *fill*         0x0800096a        0x2 
 .text.current_page
                0x0800096c       0x64 src/progger.o
                0x0800096c                current_page
 .text.write_flash
                0x080009d0       0x50 src/progger.o
                0x080009d0                write_flash
 .text.write_flash_pages
                0x08000a20       0x8c src/progger.o
                0x08000a20                write_flash_pages
 .text.write_eeprom
                0x08000aac       0x6c src/progger.o
                0x08000aac                write_eeprom
 .text.write_eeprom_chunk
                0x08000b18       0x68 src/progger.o
                0x08000b18                write_eeprom_chunk
 .text.program_page
                0x08000b80       0x9c src/progger.o
                0x08000b80                program_page
 .text.flash_read
                0x08000c1c       0x34 src/progger.o
                0x08000c1c                flash_read
 .text.flash_read_page
                0x08000c50       0x70 src/progger.o
                0x08000c50                flash_read_page
 .text.eeprom_read_page
                0x08000cc0       0x60 src/progger.o
                0x08000cc0                eeprom_read_page
 .text.read_page
                0x08000d20       0x98 src/progger.o
                0x08000d20                read_page
 .text.read_signature
                0x08000db8       0x8c src/progger.o
                0x08000db8                read_signature
 .text.avrisp   0x08000e44      0x158 src/progger.o
                0x08000e44                avrisp
 .text.clk_init
                0x08000f9c       0x68 src/rcc.o
                0x08000f9c                clk_init
 .text.spi_init
                0x08001004      0x128 src/spi.o
                0x08001004                spi_init
 .text.spi_deinit
                0x0800112c       0x20 src/spi.o
                0x0800112c                spi_deinit
 .text.SPI_transfer
                0x0800114c       0x4c src/spi.o
                0x0800114c                SPI_transfer
 .text.NVIC_EnableIRQ
                0x08001198       0x2c src/uart.o
 .text.uart_init
                0x080011c4       0xcc src/uart.o
                0x080011c4                uart_init
 .text.uart_sendChar
                0x08001290       0x30 src/uart.o
                0x08001290                uart_sendChar
 .text.uart_sendString
                0x080012c0       0x36 src/uart.o
                0x080012c0                uart_sendString
 *fill*         0x080012f6        0x2 
 .text.Reset_Handler
                0x080012f8       0x50 startup/startup_stm32.o
                0x080012f8                Reset_Handler
 .text.Default_Handler
                0x08001348        0x2 startup/startup_stm32.o
                0x08001348                TIM1_CC_IRQHandler
                0x08001348                HardFault_Handler
                0x08001348                TIM6_IRQHandler
                0x08001348                SysTick_Handler
                0x08001348                PVD_IRQHandler
                0x08001348                PendSV_Handler
                0x08001348                NMI_Handler
                0x08001348                I2C1_IRQHandler
                0x08001348                SPI1_IRQHandler
                0x08001348                EXTI2_3_IRQHandler
                0x08001348                I2C2_IRQHandler
                0x08001348                TIM17_IRQHandler
                0x08001348                RTC_IRQHandler
                0x08001348                TIM16_IRQHandler
                0x08001348                TIM3_IRQHandler
                0x08001348                EXTI4_15_IRQHandler
                0x08001348                RCC_IRQHandler
                0x08001348                Default_Handler
                0x08001348                TIM14_IRQHandler
                0x08001348                ADC_IRQHandler
                0x08001348                DMA1_CH2_3_IRQHandler
                0x08001348                TIM15_IRQHandler
                0x08001348                EXTI0_1_IRQHandler
                0x08001348                USB_IRQHandler
                0x08001348                SPI2_IRQHandler
                0x08001348                DMA1_CH1_IRQHandler
                0x08001348                SVC_Handler
                0x08001348                DMA1_CH4_5_IRQHandler
                0x08001348                WWDG_IRQHandler
                0x08001348                USART2_IRQHandler
                0x08001348                FLASH_IRQHandler
                0x08001348                TIM1_BRK_UP_TRG_COM_IRQHandler
                0x08001348                USART3_4_5_6_IRQHandler
 *fill*         0x0800134a        0x2 
 .text.__libc_init_array
                0x0800134c       0x48 d:/programs/ac6/systemworkbench/plugins/fr.ac6.mcu.externaltools.arm-none.win32_1.17.0.201812190825/tools/compiler/bin/../lib/gcc/arm-none-eabi/7.3.1/../../../../arm-none-eabi/lib/thumb/v6-m\libc.a(lib_a-init.o)
                0x0800134c                __libc_init_array
 .text.startup.register_fini
                0x08001394       0x18 d:/programs/ac6/systemworkbench/plugins/fr.ac6.mcu.externaltools.arm-none.win32_1.17.0.201812190825/tools/compiler/bin/../lib/gcc/arm-none-eabi/7.3.1/../../../../arm-none-eabi/lib/thumb/v6-m\libc.a(lib_a-__call_atexit.o)
 .text.atexit   0x080013ac       0x10 d:/programs/ac6/systemworkbench/plugins/fr.ac6.mcu.externaltools.arm-none.win32_1.17.0.201812190825/tools/compiler/bin/../lib/gcc/arm-none-eabi/7.3.1/../../../../arm-none-eabi/lib/thumb/v6-m\libc.a(lib_a-atexit.o)
                0x080013ac                atexit
 .text.__libc_fini_array
                0x080013bc       0x34 d:/programs/ac6/systemworkbench/plugins/fr.ac6.mcu.externaltools.arm-none.win32_1.17.0.201812190825/tools/compiler/bin/../lib/gcc/arm-none-eabi/7.3.1/../../../../arm-none-eabi/lib/thumb/v6-m\libc.a(lib_a-fini.o)
                0x080013bc                __libc_fini_array
 .text.__retarget_lock_acquire_recursive
                0x080013f0        0x4 d:/programs/ac6/systemworkbench/plugins/fr.ac6.mcu.externaltools.arm-none.win32_1.17.0.201812190825/tools/compiler/bin/../lib/gcc/arm-none-eabi/7.3.1/../../../../arm-none-eabi/lib/thumb/v6-m\libc.a(lib_a-lock.o)
                0x080013f0                __retarget_lock_acquire_recursive
 .text.__retarget_lock_release_recursive
                0x080013f4        0x4 d:/programs/ac6/systemworkbench/plugins/fr.ac6.mcu.externaltools.arm-none.win32_1.17.0.201812190825/tools/compiler/bin/../lib/gcc/arm-none-eabi/7.3.1/../../../../arm-none-eabi/lib/thumb/v6-m\libc.a(lib_a-lock.o)
                0x080013f4                __retarget_lock_release_recursive
 .text.__register_exitproc
                0x080013f8       0xf4 d:/programs/ac6/systemworkbench/plugins/fr.ac6.mcu.externaltools.arm-none.win32_1.17.0.201812190825/tools/compiler/bin/../lib/gcc/arm-none-eabi/7.3.1/../../../../arm-none-eabi/lib/thumb/v6-m\libc.a(lib_a-__atexit.o)
                0x080013f8                __register_exitproc
 *(.glue_7)
 .glue_7        0x080014ec        0x0 linker stubs
 *(.glue_7t)
 .glue_7t       0x080014ec        0x0 linker stubs
 *(.eh_frame)
 .eh_frame      0x080014ec        0x0 d:/programs/ac6/systemworkbench/plugins/fr.ac6.mcu.externaltools.arm-none.win32_1.17.0.201812190825/tools/compiler/bin/../lib/gcc/arm-none-eabi/7.3.1/thumb/v6-m/crtbegin.o
 *(.init)
 .init          0x080014ec        0x4 d:/programs/ac6/systemworkbench/plugins/fr.ac6.mcu.externaltools.arm-none.win32_1.17.0.201812190825/tools/compiler/bin/../lib/gcc/arm-none-eabi/7.3.1/thumb/v6-m/crti.o
                0x080014ec                _init
 .init          0x080014f0        0x8 d:/programs/ac6/systemworkbench/plugins/fr.ac6.mcu.externaltools.arm-none.win32_1.17.0.201812190825/tools/compiler/bin/../lib/gcc/arm-none-eabi/7.3.1/thumb/v6-m/crtn.o
 *(.fini)
 .fini          0x080014f8        0x4 d:/programs/ac6/systemworkbench/plugins/fr.ac6.mcu.externaltools.arm-none.win32_1.17.0.201812190825/tools/compiler/bin/../lib/gcc/arm-none-eabi/7.3.1/thumb/v6-m/crti.o
                0x080014f8                _fini
 .fini          0x080014fc        0x8 d:/programs/ac6/systemworkbench/plugins/fr.ac6.mcu.externaltools.arm-none.win32_1.17.0.201812190825/tools/compiler/bin/../lib/gcc/arm-none-eabi/7.3.1/thumb/v6-m/crtn.o
                0x08001504                . = ALIGN (0x4)
                0x08001504                _etext = .

.vfp11_veneer   0x08001504        0x0
 .vfp11_veneer  0x08001504        0x0 linker stubs

.v4_bx          0x08001504        0x0
 .v4_bx         0x08001504        0x0 linker stubs

.iplt           0x08001504        0x0
 .iplt          0x08001504        0x0 d:/programs/ac6/systemworkbench/plugins/fr.ac6.mcu.externaltools.arm-none.win32_1.17.0.201812190825/tools/compiler/bin/../lib/gcc/arm-none-eabi/7.3.1/thumb/v6-m/crtbegin.o

.rodata         0x08001504      0x164
                0x08001504                . = ALIGN (0x4)
 *(.rodata)
 .rodata        0x08001504      0x160 src/progger.o
 *(.rodata*)
 .rodata._global_impure_ptr
                0x08001664        0x4 d:/programs/ac6/systemworkbench/plugins/fr.ac6.mcu.externaltools.arm-none.win32_1.17.0.201812190825/tools/compiler/bin/../lib/gcc/arm-none-eabi/7.3.1/../../../../arm-none-eabi/lib/thumb/v6-m\libc.a(lib_a-impure.o)
                0x08001664                _global_impure_ptr
                0x08001668                . = ALIGN (0x4)

.rel.dyn        0x08001668        0x0
 .rel.iplt      0x08001668        0x0 d:/programs/ac6/systemworkbench/plugins/fr.ac6.mcu.externaltools.arm-none.win32_1.17.0.201812190825/tools/compiler/bin/../lib/gcc/arm-none-eabi/7.3.1/thumb/v6-m/crtbegin.o

.ARM.extab      0x08001668        0x0
                0x08001668                . = ALIGN (0x4)
 *(.ARM.extab* .gnu.linkonce.armextab.*)
                0x08001668                . = ALIGN (0x4)

.ARM            0x08001668        0x0
                0x08001668                . = ALIGN (0x4)
                0x08001668                __exidx_start = .
 *(.ARM.exidx*)
                0x08001668                __exidx_end = .
                0x08001668                . = ALIGN (0x4)

.preinit_array  0x08001668        0x0
                0x08001668                . = ALIGN (0x4)
                0x08001668                PROVIDE (__preinit_array_start = .)
 *(.preinit_array*)
                0x08001668                PROVIDE (__preinit_array_end = .)
                0x08001668                . = ALIGN (0x4)

.init_array     0x08001668        0x8
                0x08001668                . = ALIGN (0x4)
                0x08001668                PROVIDE (__init_array_start = .)
 *(SORT_BY_NAME(.init_array.*))
 .init_array.00000
                0x08001668        0x4 d:/programs/ac6/systemworkbench/plugins/fr.ac6.mcu.externaltools.arm-none.win32_1.17.0.201812190825/tools/compiler/bin/../lib/gcc/arm-none-eabi/7.3.1/../../../../arm-none-eabi/lib/thumb/v6-m\libc.a(lib_a-__call_atexit.o)
 *(.init_array*)
 .init_array    0x0800166c        0x4 d:/programs/ac6/systemworkbench/plugins/fr.ac6.mcu.externaltools.arm-none.win32_1.17.0.201812190825/tools/compiler/bin/../lib/gcc/arm-none-eabi/7.3.1/thumb/v6-m/crtbegin.o
                0x08001670                PROVIDE (__init_array_end = .)
                0x08001670                . = ALIGN (0x4)

.fini_array     0x08001670        0x4
                0x08001670                . = ALIGN (0x4)
                0x08001670                PROVIDE (__fini_array_start = .)
 *(SORT_BY_NAME(.fini_array.*))
 *(.fini_array*)
 .fini_array    0x08001670        0x4 d:/programs/ac6/systemworkbench/plugins/fr.ac6.mcu.externaltools.arm-none.win32_1.17.0.201812190825/tools/compiler/bin/../lib/gcc/arm-none-eabi/7.3.1/thumb/v6-m/crtbegin.o
                0x08001674                PROVIDE (__fini_array_end = .)
                0x08001674                . = ALIGN (0x4)
                0x08001674                _sidata = LOADADDR (.data)

.data           0x20000000      0x42c load address 0x08001674
                0x20000000                . = ALIGN (0x4)
                0x20000000                _sdata = .
 *(.data)
 *(.data*)
 .data.impure_data
                0x20000000      0x428 d:/programs/ac6/systemworkbench/plugins/fr.ac6.mcu.externaltools.arm-none.win32_1.17.0.201812190825/tools/compiler/bin/../lib/gcc/arm-none-eabi/7.3.1/../../../../arm-none-eabi/lib/thumb/v6-m\libc.a(lib_a-impure.o)
 .data.__atexit_recursive_mutex
                0x20000428        0x4 d:/programs/ac6/systemworkbench/plugins/fr.ac6.mcu.externaltools.arm-none.win32_1.17.0.201812190825/tools/compiler/bin/../lib/gcc/arm-none-eabi/7.3.1/../../../../arm-none-eabi/lib/thumb/v6-m\libc.a(lib_a-__call_atexit.o)
                0x20000428                __atexit_recursive_mutex
                0x2000042c                . = ALIGN (0x4)
                0x2000042c                _edata = .

.igot.plt       0x2000042c        0x0 load address 0x08001aa0
 .igot.plt      0x2000042c        0x0 d:/programs/ac6/systemworkbench/plugins/fr.ac6.mcu.externaltools.arm-none.win32_1.17.0.201812190825/tools/compiler/bin/../lib/gcc/arm-none-eabi/7.3.1/thumb/v6-m/crtbegin.o
                0x2000042c                . = ALIGN (0x4)

.bss            0x2000042c      0x268 load address 0x08001aa0
                0x2000042c                _sbss = .
                0x2000042c                __bss_start__ = _sbss
 *(.bss)
 .bss           0x2000042c       0x1c d:/programs/ac6/systemworkbench/plugins/fr.ac6.mcu.externaltools.arm-none.win32_1.17.0.201812190825/tools/compiler/bin/../lib/gcc/arm-none-eabi/7.3.1/thumb/v6-m/crtbegin.o
 .bss           0x20000448        0x2 src/main.o
                0x20000448                rx_wr_index0
                0x20000449                rx_rd_index0
 *fill*         0x2000044a        0x2 
 .bss           0x2000044c        0x9 src/progger.o
                0x2000044c                error
                0x20000450                pmode
 *(.bss*)
 *(COMMON)
 *fill*         0x20000455        0x3 
 COMMON         0x20000458      0x114 src/main.o
                0x20000458                param
                0x2000046c                exchange
 COMMON         0x2000056c      0x104 src/progger.o
                0x2000056c                buff
                0x2000066c                here
 COMMON         0x20000670       0x21 d:/programs/ac6/systemworkbench/plugins/fr.ac6.mcu.externaltools.arm-none.win32_1.17.0.201812190825/tools/compiler/bin/../lib/gcc/arm-none-eabi/7.3.1/../../../../arm-none-eabi/lib/thumb/v6-m\libc.a(lib_a-lock.o)
                0x20000670                __lock___atexit_recursive_mutex
                0x20000674                __lock___arc4random_mutex
                0x20000678                __lock___env_recursive_mutex
                0x2000067c                __lock___sinit_recursive_mutex
                0x20000680                __lock___malloc_recursive_mutex
                0x20000684                __lock___at_quick_exit_mutex
                0x20000688                __lock___dd_hash_mutex
                0x2000068c                __lock___tz_mutex
                0x20000690                __lock___sfp_recursive_mutex
                0x20000694                . = ALIGN (0x4)
 *fill*         0x20000691        0x3 
                0x20000694                _ebss = .
                0x20000694                __bss_end__ = _ebss

._user_heap_stack
                0x20000694      0x404 load address 0x08001aa0
                0x20000698                . = ALIGN (0x8)
 *fill*         0x20000694        0x4 
                0x20000698                PROVIDE (end = .)
                [!provide]                PROVIDE (_end = .)
                0x20000698                . = (. + _Min_Heap_Size)
                0x20000a98                . = (. + _Min_Stack_Size)
 *fill*         0x20000698      0x400 
                0x20000a98                . = ALIGN (0x8)

/DISCARD/
 libc.a(*)
 libm.a(*)
 libgcc.a(*)

.ARM.attributes
                0x00000000       0x28
 *(.ARM.attributes)
 .ARM.attributes
                0x00000000       0x1e d:/programs/ac6/systemworkbench/plugins/fr.ac6.mcu.externaltools.arm-none.win32_1.17.0.201812190825/tools/compiler/bin/../lib/gcc/arm-none-eabi/7.3.1/thumb/v6-m/crti.o
 .ARM.attributes
                0x0000001e       0x2c d:/programs/ac6/systemworkbench/plugins/fr.ac6.mcu.externaltools.arm-none.win32_1.17.0.201812190825/tools/compiler/bin/../lib/gcc/arm-none-eabi/7.3.1/thumb/v6-m/crtbegin.o
 .ARM.attributes
                0x0000004a       0x31 src/delay.o
 .ARM.attributes
                0x0000007b       0x31 src/main.o
 .ARM.attributes
                0x000000ac       0x31 src/progger.o
 .ARM.attributes
                0x000000dd       0x31 src/rcc.o
 .ARM.attributes
                0x0000010e       0x31 src/spi.o
 .ARM.attributes
                0x0000013f       0x31 src/uart.o
 .ARM.attributes
                0x00000170       0x21 startup/startup_stm32.o
 .ARM.attributes
                0x00000191       0x2c d:/programs/ac6/systemworkbench/plugins/fr.ac6.mcu.externaltools.arm-none.win32_1.17.0.201812190825/tools/compiler/bin/../lib/gcc/arm-none-eabi/7.3.1/../../../../arm-none-eabi/lib/thumb/v6-m\libc.a(lib_a-impure.o)
 .ARM.attributes
                0x000001bd       0x2c d:/programs/ac6/systemworkbench/plugins/fr.ac6.mcu.externaltools.arm-none.win32_1.17.0.201812190825/tools/compiler/bin/../lib/gcc/arm-none-eabi/7.3.1/../../../../arm-none-eabi/lib/thumb/v6-m\libc.a(lib_a-init.o)
 .ARM.attributes
                0x000001e9       0x2c d:/programs/ac6/systemworkbench/plugins/fr.ac6.mcu.externaltools.arm-none.win32_1.17.0.201812190825/tools/compiler/bin/../lib/gcc/arm-none-eabi/7.3.1/../../../../arm-none-eabi/lib/thumb/v6-m\libc.a(lib_a-__call_atexit.o)
 .ARM.attributes
                0x00000215       0x2c d:/programs/ac6/systemworkbench/plugins/fr.ac6.mcu.externaltools.arm-none.win32_1.17.0.201812190825/tools/compiler/bin/../lib/gcc/arm-none-eabi/7.3.1/../../../../arm-none-eabi/lib/thumb/v6-m\libc.a(lib_a-atexit.o)
 .ARM.attributes
                0x00000241       0x2c d:/programs/ac6/systemworkbench/plugins/fr.ac6.mcu.externaltools.arm-none.win32_1.17.0.201812190825/tools/compiler/bin/../lib/gcc/arm-none-eabi/7.3.1/../../../../arm-none-eabi/lib/thumb/v6-m\libc.a(lib_a-fini.o)
 .ARM.attributes
                0x0000026d       0x2c d:/programs/ac6/systemworkbench/plugins/fr.ac6.mcu.externaltools.arm-none.win32_1.17.0.201812190825/tools/compiler/bin/../lib/gcc/arm-none-eabi/7.3.1/../../../../arm-none-eabi/lib/thumb/v6-m\libc.a(lib_a-lock.o)
 .ARM.attributes
                0x00000299       0x2c d:/programs/ac6/systemworkbench/plugins/fr.ac6.mcu.externaltools.arm-none.win32_1.17.0.201812190825/tools/compiler/bin/../lib/gcc/arm-none-eabi/7.3.1/../../../../arm-none-eabi/lib/thumb/v6-m\libc.a(lib_a-__atexit.o)
 .ARM.attributes
                0x000002c5       0x1e d:/programs/ac6/systemworkbench/plugins/fr.ac6.mcu.externaltools.arm-none.win32_1.17.0.201812190825/tools/compiler/bin/../lib/gcc/arm-none-eabi/7.3.1/thumb/v6-m/crtn.o
OUTPUT(avrisp_uart.elf elf32-littlearm)

.debug_info     0x00000000     0x1c8d
 .debug_info    0x00000000      0x3bd src/delay.o
 .debug_info    0x000003bd      0x3d7 src/main.o
 .debug_info    0x00000794      0x988 src/progger.o
 .debug_info    0x0000111c      0x1fa src/rcc.o
 .debug_info    0x00001316      0x3bb src/spi.o
 .debug_info    0x000016d1      0x59a src/uart.o
 .debug_info    0x00001c6b       0x22 startup/startup_stm32.o

.debug_abbrev   0x00000000      0x70b
 .debug_abbrev  0x00000000       0xcb src/delay.o
 .debug_abbrev  0x000000cb       0xfd src/main.o
 .debug_abbrev  0x000001c8      0x22c src/progger.o
 .debug_abbrev  0x000003f4       0xa2 src/rcc.o
 .debug_abbrev  0x00000496       0xdf src/spi.o
 .debug_abbrev  0x00000575      0x184 src/uart.o
 .debug_abbrev  0x000006f9       0x12 startup/startup_stm32.o

.debug_aranges  0x00000000      0x208
 .debug_aranges
                0x00000000       0x30 src/delay.o
 .debug_aranges
                0x00000030       0x28 src/main.o
 .debug_aranges
                0x00000058      0x100 src/progger.o
 .debug_aranges
                0x00000158       0x20 src/rcc.o
 .debug_aranges
                0x00000178       0x30 src/spi.o
 .debug_aranges
                0x000001a8       0x38 src/uart.o
 .debug_aranges
                0x000001e0       0x28 startup/startup_stm32.o

.debug_ranges   0x00000000      0x1a0
 .debug_ranges  0x00000000       0x20 src/delay.o
 .debug_ranges  0x00000020       0x18 src/main.o
 .debug_ranges  0x00000038       0xf0 src/progger.o
 .debug_ranges  0x00000128       0x10 src/rcc.o
 .debug_ranges  0x00000138       0x20 src/spi.o
 .debug_ranges  0x00000158       0x28 src/uart.o
 .debug_ranges  0x00000180       0x20 startup/startup_stm32.o

.debug_macro    0x00000000     0x79bf
 .debug_macro   0x00000000       0xa9 src/delay.o
 .debug_macro   0x000000a9      0xa4e src/delay.o
 .debug_macro   0x00000af7       0x87 src/delay.o
 .debug_macro   0x00000b7e       0x3a src/delay.o
 .debug_macro   0x00000bb8       0x22 src/delay.o
 .debug_macro   0x00000bda       0x8e src/delay.o
 .debug_macro   0x00000c68       0x51 src/delay.o
 .debug_macro   0x00000cb9       0xef src/delay.o
 .debug_macro   0x00000da8       0x6a src/delay.o
 .debug_macro   0x00000e12      0x1df src/delay.o
 .debug_macro   0x00000ff1       0x1f src/delay.o
 .debug_macro   0x00001010      0x242 src/delay.o
 .debug_macro   0x00001252     0x62f2 src/delay.o
 .debug_macro   0x00007544       0xdb src/main.o
 .debug_macro   0x0000761f       0x10 src/main.o
 .debug_macro   0x0000762f       0xb2 src/main.o
 .debug_macro   0x000076e1       0xdd src/progger.o
 .debug_macro   0x000077be       0xa9 src/rcc.o
 .debug_macro   0x00007867       0xaf src/spi.o
 .debug_macro   0x00007916       0xa9 src/uart.o

.debug_line     0x00000000     0x1c0f
 .debug_line    0x00000000      0x3fc src/delay.o
 .debug_line    0x000003fc      0x41c src/main.o
 .debug_line    0x00000818      0x797 src/progger.o
 .debug_line    0x00000faf      0x3ca src/rcc.o
 .debug_line    0x00001379      0x3ff src/spi.o
 .debug_line    0x00001778      0x41b src/uart.o
 .debug_line    0x00001b93       0x7c startup/startup_stm32.o

.debug_str      0x00000000    0x2795a
 .debug_str     0x00000000    0x270e3 src/delay.o
                              0x27255 (size before relaxing)
 .debug_str     0x000270e3      0x430 src/main.o
                              0x2756d (size before relaxing)
 .debug_str     0x00027513      0x1e0 src/progger.o
                              0x2774d (size before relaxing)
 .debug_str     0x000276f3       0x3a src/rcc.o
                              0x2716f (size before relaxing)
 .debug_str     0x0002772d       0x62 src/spi.o
                              0x2727c (size before relaxing)
 .debug_str     0x0002778f      0x1a2 src/uart.o
                              0x273d4 (size before relaxing)
 .debug_str     0x00027931       0x29 startup/startup_stm32.o
                                 0x4e (size before relaxing)

.comment        0x00000000       0x7f
 .comment       0x00000000       0x7f src/delay.o
                                 0x80 (size before relaxing)
 .comment       0x0000007f       0x80 src/main.o
 .comment       0x0000007f       0x80 src/progger.o
 .comment       0x0000007f       0x80 src/rcc.o
 .comment       0x0000007f       0x80 src/spi.o
 .comment       0x0000007f       0x80 src/uart.o

.debug_frame    0x00000000      0x734
 .debug_frame   0x00000000       0x6c src/delay.o
 .debug_frame   0x0000006c       0x48 src/main.o
 .debug_frame   0x000000b4      0x3a0 src/progger.o
 .debug_frame   0x00000454       0x2c src/rcc.o
 .debug_frame   0x00000480       0x68 src/spi.o
 .debug_frame   0x000004e8       0x8c src/uart.o
 .debug_frame   0x00000574       0x2c d:/programs/ac6/systemworkbench/plugins/fr.ac6.mcu.externaltools.arm-none.win32_1.17.0.201812190825/tools/compiler/bin/../lib/gcc/arm-none-eabi/7.3.1/../../../../arm-none-eabi/lib/thumb/v6-m\libc.a(lib_a-init.o)
 .debug_frame   0x000005a0       0x54 d:/programs/ac6/systemworkbench/plugins/fr.ac6.mcu.externaltools.arm-none.win32_1.17.0.201812190825/tools/compiler/bin/../lib/gcc/arm-none-eabi/7.3.1/../../../../arm-none-eabi/lib/thumb/v6-m\libc.a(lib_a-__call_atexit.o)
 .debug_frame   0x000005f4       0x28 d:/programs/ac6/systemworkbench/plugins/fr.ac6.mcu.externaltools.arm-none.win32_1.17.0.201812190825/tools/compiler/bin/../lib/gcc/arm-none-eabi/7.3.1/../../../../arm-none-eabi/lib/thumb/v6-m\libc.a(lib_a-atexit.o)
 .debug_frame   0x0000061c       0x2c d:/programs/ac6/systemworkbench/plugins/fr.ac6.mcu.externaltools.arm-none.win32_1.17.0.201812190825/tools/compiler/bin/../lib/gcc/arm-none-eabi/7.3.1/../../../../arm-none-eabi/lib/thumb/v6-m\libc.a(lib_a-fini.o)
 .debug_frame   0x00000648       0xb0 d:/programs/ac6/systemworkbench/plugins/fr.ac6.mcu.externaltools.arm-none.win32_1.17.0.201812190825/tools/compiler/bin/../lib/gcc/arm-none-eabi/7.3.1/../../../../arm-none-eabi/lib/thumb/v6-m\libc.a(lib_a-lock.o)
 .debug_frame   0x000006f8       0x3c d:/programs/ac6/systemworkbench/plugins/fr.ac6.mcu.externaltools.arm-none.win32_1.17.0.201812190825/tools/compiler/bin/../lib/gcc/arm-none-eabi/7.3.1/../../../../arm-none-eabi/lib/thumb/v6-m\libc.a(lib_a-__atexit.o)
